Component: ARM Compiler 5.06 update 6 (build 750) Tool: armlink [4d35ed]

==============================================================================

Section Cross References

    cmsis_nvic.o(i.__NVIC_SetVector) refers to rt_memcpy_w.o(.text) for __aeabi_memcpy4
    mbed_board.o(i.mbed_die) refers to mbed_critical.o(i.core_util_critical_section_enter) for core_util_critical_section_enter
    mbed_board.o(i.mbed_die) refers to mbed_gpio.o(i.gpio_init_out) for gpio_init_out
    mbed_board.o(i.mbed_die) refers to mbed_assert.o(i.mbed_assert_internal) for mbed_assert_internal
    mbed_board.o(i.mbed_die) refers to mbed_wait_api.o(i.wait_ms) for wait_ms
    mbed_board.o(i.mbed_die) refers to mbed_board.o(.conststring) for .conststring
    mbed_board.o(i.mbed_error_printf) refers to mbed_critical.o(i.core_util_critical_section_enter) for core_util_critical_section_enter
    mbed_board.o(i.mbed_error_printf) refers to vsprintf.o(.text) for vsprintf
    mbed_board.o(i.mbed_error_printf) refers to serial_api.o(i.serial_init) for serial_init
    mbed_board.o(i.mbed_error_printf) refers to serial_api.o(i.serial_putc) for serial_putc
    mbed_board.o(i.mbed_error_printf) refers to mbed_critical.o(i.core_util_critical_section_exit) for core_util_critical_section_exit
    mbed_board.o(i.mbed_error_printf) refers to serial_api.o(.data) for stdio_uart_inited
    mbed_board.o(i.mbed_error_vfprintf) refers to mbed_critical.o(i.core_util_critical_section_enter) for core_util_critical_section_enter
    mbed_board.o(i.mbed_error_vfprintf) refers to vsprintf.o(.text) for vsprintf
    mbed_board.o(i.mbed_error_vfprintf) refers to serial_api.o(i.serial_init) for serial_init
    mbed_board.o(i.mbed_error_vfprintf) refers to serial_api.o(i.serial_putc) for serial_putc
    mbed_board.o(i.mbed_error_vfprintf) refers to mbed_critical.o(i.core_util_critical_section_exit) for core_util_critical_section_exit
    mbed_board.o(i.mbed_error_vfprintf) refers to serial_api.o(.data) for stdio_uart_inited
    retarget.o(i.$Sub$$main) refers to retarget.o(i.mbed_sdk_init) for mbed_sdk_init
    retarget.o(i.$Sub$$main) refers to retarget.o(i.mbed_main) for mbed_main
    retarget.o(i.$Sub$$main) refers to main.o(i.main) for $Super$$main
    retarget.o(i._ZN4mbed10FileHandleD0Ev) refers to mbed_assert.o(i.mbed_assert_internal) for mbed_assert_internal
    retarget.o(i._ZN4mbed10FileHandleD0Ev) refers to h1_free.o(.text) for free
    retarget.o(i._ZN4mbed10FileHandleD0Ev) refers to retarget.o(.constdata__ZTVN4mbed10FileHandleE) for vtable for mbed::FileHandle
    retarget.o(i._ZN4mbed10FileHandleD0Ev) refers to retarget.o(.data) for .data
    retarget.o(i._ZN4mbed10FileHandleD0Ev) refers to retarget.o(.constdata__ZZN12SingletonPtrI13PlatformMutexE3getEvEs_0) for SingletonPtr<PlatformMutex>::get()::string (instance 2)
    retarget.o(i._ZN4mbed10FileHandleD0Ev) refers to retarget.o(.constdata__ZZN12SingletonPtrI13PlatformMutexE3getEvEs) for SingletonPtr<PlatformMutex>::get()::string
    retarget.o(i._ZN4mbed10FileHandleD0Ev) refers to retarget.o(.bss) for .bss
    retarget.o(i._ZN4mbed10FileHandleD2Ev) refers to mbed_assert.o(i.mbed_assert_internal) for mbed_assert_internal
    retarget.o(i._ZN4mbed10FileHandleD2Ev) refers to retarget.o(.constdata__ZTVN4mbed10FileHandleE) for vtable for mbed::FileHandle
    retarget.o(i._ZN4mbed10FileHandleD2Ev) refers to retarget.o(.data) for .data
    retarget.o(i._ZN4mbed10FileHandleD2Ev) refers to retarget.o(.constdata__ZZN12SingletonPtrI13PlatformMutexE3getEvEs_0) for SingletonPtr<PlatformMutex>::get()::string (instance 2)
    retarget.o(i._ZN4mbed10FileHandleD2Ev) refers to retarget.o(.constdata__ZZN12SingletonPtrI13PlatformMutexE3getEvEs) for SingletonPtr<PlatformMutex>::get()::string
    retarget.o(i._ZN4mbed10FileHandleD2Ev) refers to retarget.o(.bss) for .bss
    retarget.o(i._ZN4mbed26mbed_set_unbuffered_streamEPSt6__FILE) refers to setbuf.o(.text) for setbuf
    retarget.o(i._ZN4mbed9mbed_getcEPSt6__FILE) refers to fgetc.o(i.fgetc) for fgetc
    retarget.o(i._ZN4mbed9mbed_getsEPciPSt6__FILE) refers to fgets.o(.text) for fgets
    retarget.o(i._ZdaPv) refers to h1_free.o(.text) for free
    retarget.o(i._ZdlPv) refers to h1_free.o(.text) for free
    retarget.o(i._Znaj) refers to h1_alloc.o(.text) for malloc
    retarget.o(i._Znaj) refers to mbed_error.o(i.error) for error
    retarget.o(i._Znwj) refers to h1_alloc.o(.text) for malloc
    retarget.o(i._Znwj) refers to mbed_error.o(i.error) for error
    retarget.o(i._sys_close) refers to retarget.o(.bss) for .bss
    retarget.o(i._sys_ensure) refers to retarget.o(.bss) for .bss
    retarget.o(i._sys_flen) refers to retarget.o(.bss) for .bss
    retarget.o(i._sys_istty) refers to retarget.o(.bss) for .bss
    retarget.o(i._sys_open) refers to _scanf_int.o(.text) for _scanf_int
    retarget.o(i._sys_open) refers to strcmpv7m.o(.text) for strcmp
[...]
    irq_handler                              0x10000108   Data           4  serial_api.o(.data)
    .data                                    0x10000114   Section       12  I2C.o(.data)
    .data                                    0x10000120   Section        8  mbed_critical.o(.data)
    critical_interrupts_disabled             0x10000120   Data           1  mbed_critical.o(.data)
    interrupt_enable_counter                 0x10000124   Data           4  mbed_critical.o(.data)
    .data                                    0x10000128   Section        4  us_ticker.o(.data)
    .data                                    0x1000012c   Section       12  FileBase.o(.data)
    .data                                    0x10000138   Section        8  mbed_us_ticker_api.o(.data)
    events                                   0x10000138   Data           8  mbed_us_ticker_api.o(.data)
    .data                                    0x10000140   Section        4  stdio_streams.o(.data)
    .data                                    0x10000144   Section        4  stdio_streams.o(.data)
    .data                                    0x10000148   Section        4  stdio_streams.o(.data)
    .data                                    0x1000014c   Section        4  heapauxa.o(.data)
    __rt_heap_escrow_base                    0x1000014c   Data           4  heapauxa.o(.data)
    .bss                                     0x10000150   Section       64  retarget.o(.bss)
    filehandles                              0x10000150   Data          64  retarget.o(.bss)
    .bss                                     0x10000190   Section      252  main.o(.bss)
    .bss                                     0x1000028c   Section       84  stdio_streams.o(.bss)
    .bss                                     0x100002e0   Section       84  stdio_streams.o(.bss)
    .bss                                     0x10000334   Section       84  stdio_streams.o(.bss)
    .bss                                     0x10000388   Section        4  rt_heap_descriptor.o(.bss)
    __rt_heap_descriptor_data                0x10000388   Data           4  rt_heap_descriptor.o(.bss)
    .bss                                     0x1000038c   Section        4  rt_ddtor_pointer_addr.o(.bss)
    __rt_ddtor_pointer_addr_data             0x1000038c   Data           4  rt_ddtor_pointer_addr.o(.bss)
    .bss                                     0x10000390   Section       20  rt_locale.o(.bss)
    __rt_locale_data                         0x10000390   Data          20  rt_locale.o(.bss)
    .bss                                     0x100003a4   Section        4  rt_errno_addr.o(.bss)
    __aeabi_errno_addr_data                  0x100003a4   Data           4  rt_errno_addr.o(.bss)

    Global Symbols

    Symbol Name                              Value     Ov Type        Size  Object(Section)

    BuildAttributes$$THM_ISAv4$E$P$D$K$B$S$7EM$VFPi3$EXTD16$VFPS$VFMA$PE$A:L22UL41UL21$X:L11$S22US41US21$IEEE1$IW$USESV6$~STKCKD$USESV7$~SHL$OTIME$ROPI$IEEEJ$EBA8$UX$STANDARDLIB$REQ8$PRES8$EABIv2 0x00000000   Number         0  anon$$obj.o ABSOLUTE
    __ARM_use_no_argv                        0x00000000   Number         0  main.o ABSOLUTE
    __Vectors                                0x00000000   Data           4  startup_LPC407x_8x_177x_8x.o(RESET)
    __dso_handle                             0x00000000   Number         0  startup_LPC407x_8x_177x_8x.o(RESET)
    _printf_flags                            0x00000000   Number         0  printf_stubs.o ABSOLUTE
    _printf_return_value                     0x00000000   Number         0  printf_stubs.o ABSOLUTE
    _printf_sizespec                         0x00000000   Number         0  printf_stubs.o ABSOLUTE
    _printf_widthprec                        0x00000000   Number         0  printf_stubs.o ABSOLUTE
    __ARM::default_unexpected_handler()       - Undefined Weak Reference
    __ARM_exceptions_buffer_required          - Undefined Weak Reference
    __ARM_exceptions_init                     - Undefined Weak Reference
    __alloca_initialize                       - Undefined Weak Reference
    __arm_preinit_                            - Undefined Weak Reference
    __rt_lib_shutdown                         - Undefined Weak Reference
    __sigvec_lookup                           - Undefined Weak Reference
    __user_heap_extent                        - Undefined Weak Reference
    _atexit_init                              - Undefined Weak Reference
    _clock_init                               - Undefined Weak Reference
    _fp_trap_init                             - Undefined Weak Reference
    _fp_trap_shutdown                         - Undefined Weak Reference
    _get_lc_collate                           - Undefined Weak Reference
    _get_lc_monetary                          - Undefined Weak Reference
    _get_lc_time                              - Undefined Weak Reference
    _getenv_init                              - Undefined Weak Reference
    _handle_redirection                       - Undefined Weak Reference
    _mutex_acquire                            - Undefined Weak Reference
    _mutex_free                               - Undefined Weak Reference
    _mutex_release                            - Undefined Weak Reference
    _printf_mbtowc                            - Undefined Weak Reference
    _printf_wc                                - Undefined Weak Reference
    _rand_init                                - Undefined Weak Reference
    _scanf_longlong                           - Undefined Weak Reference
    _scanf_mbtowc                             - Undefined Weak Reference
    _scanf_real                               - Undefined Weak Reference
    _scanf_string                             - Undefined Weak Reference
    _scanf_wctomb                             - Undefined Weak Reference
    _scanf_wstring                            - Undefined Weak Reference
    _signal_finish                            - Undefined Weak Reference
    _signal_init                              - Undefined Weak Reference
    __main                                   0x000000e5   Thumb Code     8  __main.o(!!!main)
    __scatterload                            0x000000ed   Thumb Code     0  __scatter.o(!!!scatter)
    __scatterload_rt2                        0x000000ed   Thumb Code    44  __scatter.o(!!!scatter)
    __scatterload_rt2_thumb_only             0x000000ed   Thumb Code     0  __scatter.o(!!!scatter)
    __scatterload_null                       0x000000fb   Thumb Code     0  __scatter.o(!!!scatter)
    __scatterload_copy                       0x00000121   Thumb Code    26  __scatter_copy.o(!!handler_copy)
    __scatterload_zeroinit                   0x0000013d   Thumb Code    28  __scatter_zi.o(!!handler_zi)
    _printf_n                                0x00000159   Thumb Code     0  _printf_n.o(.ARM.Collect$$_printf_percent$$00000001)
    _printf_percent                          0x00000159   Thumb Code     0  _printf_percent.o(.ARM.Collect$$_printf_percent$$00000000)
    _printf_p                                0x0000015f   Thumb Code     0  _printf_p.o(.ARM.Collect$$_printf_percent$$00000002)
    _printf_f                                0x00000165   Thumb Code     0  _printf_f.o(.ARM.Collect$$_printf_percent$$00000003)
    _printf_e                                0x0000016b   Thumb Code     0  _printf_e.o(.ARM.Collect$$_printf_percent$$00000004)
    _printf_g                                0x00000171   Thumb Code     0  _printf_g.o(.ARM.Collect$$_printf_percent$$00000005)
    _printf_a                                0x00000177   Thumb Code     0  _printf_a.o(.ARM.Collect$$_printf_percent$$00000006)
    _printf_ll                               0x0000017d   Thumb Code     0  _printf_ll.o(.ARM.Collect$$_printf_percent$$00000007)
    _printf_i                                0x00000187   Thumb Code     0  _printf_i.o(.ARM.Collect$$_printf_percent$$00000008)
    _printf_d                                0x0000018d   Thumb Code     0  _printf_d.o(.ARM.Collect$$_printf_percent$$00000009)
    _printf_u                                0x00000193   Thumb Code     0  _printf_u.o(.ARM.Collect$$_printf_percent$$0000000A)
    _printf_o                                0x00000199   Thumb Code     0  _printf_o.o(.ARM.Collect$$_printf_percent$$0000000B)
    _printf_x                                0x0000019f   Thumb Code     0  _printf_x.o(.ARM.Collect$$_printf_percent$$0000000C)
    _printf_lli                              0x000001a5   Thumb Code     0  _printf_lli.o(.ARM.Collect$$_printf_percent$$0000000D)
    _printf_lld                              0x000001ab   Thumb Code     0  _printf_lld.o(.ARM.Collect$$_printf_percent$$0000000E)
    _printf_llu                              0x000001b1   Thumb Code     0  _printf_llu.o(.ARM.Collect$$_printf_percent$$0000000F)
    _printf_llo                              0x000001b7   Thumb Code     0  _printf_llo.o(.ARM.Collect$$_printf_percent$$00000010)
    _printf_llx                              0x000001bd   Thumb Code     0  _printf_llx.o(.ARM.Collect$$_printf_percent$$00000011)
    _printf_l                                0x000001c3   Thumb Code     0  _printf_l.o(.ARM.Collect$$_printf_percent$$00000012)
    _printf_c                                0x000001cd   Thumb Code     0  _printf_c.o(.ARM.Collect$$_printf_percent$$00000013)
    _printf_s                                0x000001d3   Thumb Code     0  _printf_s.o(.ARM.Collect$$_printf_percent$$00000014)
    _printf_lc                               0x000001d9   Thumb Code     0  _printf_lc.o(.ARM.Collect$$_printf_percent$$00000015)
    _printf_ls                               0x000001df   Thumb Code     0  _printf_ls.o(.ARM.Collect$$_printf_percent$$00000016)
    _printf_percent_end                      0x000001e5   Thumb Code     0  _printf_percent_end.o(.ARM.Collect$$_printf_percent$$00000017)
    __rt_lib_init                            0x000001e9   Thumb Code     0  libinit.o(.ARM.Collect$$libinit$$00000000)
    __rt_lib_init_fp_1                       0x000001eb   Thumb Code     0  libinit2.o(.ARM.Collect$$libinit$$00000001)
    __rt_lib_init_heap_2                     0x000001ef   Thumb Code     0  libinit2.o(.ARM.Collect$$libinit$$00000005)
    __rt_lib_init_preinit_1                  0x000001ef   Thumb Code     0  libinit2.o(.ARM.Collect$$libinit$$00000004)
    __rt_lib_init_heap_1                     0x000001f7   Thumb Code     0  libinit2.o(.ARM.Collect$$libinit$$0000000A)
    __rt_lib_init_lc_common                  0x000001f7   Thumb Code     0  libinit2.o(.ARM.Collect$$libinit$$0000000F)
    __rt_lib_init_rand_1                     0x000001f7   Thumb Code     0  libinit2.o(.ARM.Collect$$libinit$$0000000E)
    __rt_lib_init_user_alloc_1               0x000001f7   Thumb Code     0  libinit2.o(.ARM.Collect$$libinit$$0000000C)
    __rt_lib_init_lc_collate_1               0x000001fd   Thumb Code     0  libinit2.o(.ARM.Collect$$libinit$$00000011)
    __rt_lib_init_lc_ctype_2                 0x000001fd   Thumb Code     0  libinit2.o(.ARM.Collect$$libinit$$00000012)
    __rt_lib_init_lc_ctype_1                 0x00000209   Thumb Code     0  libinit2.o(.ARM.Collect$$libinit$$00000013)
    __rt_lib_init_lc_monetary_1              0x00000209   Thumb Code     0  libinit2.o(.ARM.Collect$$libinit$$00000015)
    __rt_lib_init_lc_numeric_2               0x00000209   Thumb Code     0  libinit2.o(.ARM.Collect$$libinit$$00000016)
    __rt_lib_init_atexit_1                   0x00000213   Thumb Code     0  libinit2.o(.ARM.Collect$$libinit$$0000001B)
    __rt_lib_init_clock_1                    0x00000213   Thumb Code     0  libinit2.o(.ARM.Collect$$libinit$$00000021)
    __rt_lib_init_fp_trap_1                  0x00000213   Thumb Code     0  libinit2.o(.ARM.Collect$$libinit$$0000001F)
    __rt_lib_init_getenv_1                   0x00000213   Thumb Code     0  libinit2.o(.ARM.Collect$$libinit$$00000023)
    __rt_lib_init_lc_numeric_1               0x00000213   Thumb Code     0  libinit2.o(.ARM.Collect$$libinit$$00000017)
    __rt_lib_init_lc_time_1                  0x00000213   Thumb Code     0  libinit2.o(.ARM.Collect$$libinit$$00000019)
    __rt_lib_init_signal_1                   0x00000213   Thumb Code     0  libinit2.o(.ARM.Collect$$libinit$$0000001D)
    __rt_lib_init_stdio_2                    0x00000213   Thumb Code     0  libinit2.o(.ARM.Collect$$libinit$$00000024)
    __rt_lib_init_alloca_1                   0x00000217   Thumb Code     0  libinit2.o(.ARM.Collect$$libinit$$0000002E)
    __rt_lib_init_argv_1                     0x00000217   Thumb Code     0  libinit2.o(.ARM.Collect$$libinit$$0000002C)
    __rt_lib_init_cpp_2                      0x00000217   Thumb Code     0  libinit2.o(.ARM.Collect$$libinit$$00000031)
    __rt_lib_init_exceptions_1               0x00000217   Thumb Code     0  libinit2.o(.ARM.Collect$$libinit$$00000030)
    __rt_lib_init_stdio_1                    0x00000217   Thumb Code     0  libinit2.o(.ARM.Collect$$libinit$$00000025)
    __rt_lib_init_cpp_1                      0x0000021b   Thumb Code     0  libinit2.o(.ARM.Collect$$libinit$$00000032)
    __rt_lib_init_return                     0x0000021b   Thumb Code     0  libinit2.o(.ARM.Collect$$libinit$$00000033)
    __rt_entry                               0x0000021d   Thumb Code     0  __rtentry.o(.ARM.Collect$$rtentry$$00000000)
    __rt_entry_presh_1                       0x0000021d   Thumb Code     0  __rtentry2.o(.ARM.Collect$$rtentry$$00000002)
    __rt_entry_sh                            0x0000021d   Thumb Code     0  __rtentry4.o(.ARM.Collect$$rtentry$$00000004)
    __rt_lib_shutdown_cpp_2                  0x0000021d   Thumb Code     0  libshutdown2.o(.ARM.Collect$$libshutdown$$00000002)
    __rt_lib_shutdown_stdio_2                0x0000021d   Thumb Code     0  libshutdown2.o(.ARM.Collect$$libshutdown$$00000004)
    __rt_entry_li                            0x00000223   Thumb Code     0  __rtentry2.o(.ARM.Collect$$rtentry$$0000000A)
    __rt_entry_postsh_1                      0x00000223   Thumb Code     0  __rtentry2.o(.ARM.Collect$$rtentry$$00000009)
    __rt_entry_main                          0x00000227   Thumb Code     0  __rtentry2.o(.ARM.Collect$$rtentry$$0000000D)
    __rt_entry_postli_1                      0x00000227   Thumb Code     0  __rtentry2.o(.ARM.Collect$$rtentry$$0000000C)
    Reset_Handler                            0x00000231   Thumb Code     8  startup_LPC407x_8x_177x_8x.o(.text)
    _maybe_terminate_alloc                   0x00000231   Thumb Code     0  maybetermalloc1.o(.emb_text)
    NMI_Handler                              0x00000239   Thumb Code     2  startup_LPC407x_8x_177x_8x.o(.text)
    HardFault_Handler                        0x0000023b   Thumb Code     2  startup_LPC407x_8x_177x_8x.o(.text)
    MemManage_Handler                        0x0000023d   Thumb Code     2  startup_LPC407x_8x_177x_8x.o(.text)
    BusFault_Handler                         0x0000023f   Thumb Code     2  startup_LPC407x_8x_177x_8x.o(.text)
    UsageFault_Handler                       0x00000241   Thumb Code     2  startup_LPC407x_8x_177x_8x.o(.text)
    SVC_Handler                              0x00000243   Thumb Code     2  startup_LPC407x_8x_177x_8x.o(.text)
    DebugMon_Handler                         0x00000245   Thumb Code     2  startup_LPC407x_8x_177x_8x.o(.text)
    PendSV_Handler                           0x00000247   Thumb Code     2  startup_LPC407x_8x_177x_8x.o(.text)
    SysTick_Handler                          0x00000249   Thumb Code     2  startup_LPC407x_8x_177x_8x.o(.text)
    ADC_IRQHandler                           0x0000024b   Thumb Code     0  startup_LPC407x_8x_177x_8x.o(.text)
    BOD_IRQHandler                           0x0000024b   Thumb Code     0  startup_LPC407x_8x_177x_8x.o(.text)
    CANActivity_IRQHandler                   0x0000024b   Thumb Code     0  startup_LPC407x_8x_177x_8x.o(.text)
    CAN_IRQHandler                           0x0000024b   Thumb Code     0  startup_LPC407x_8x_177x_8x.o(.text)
    DMA_IRQHandler                           0x0000024b   Thumb Code     0  startup_LPC407x_8x_177x_8x.o(.text)
    EEPROM_IRQHandler                        0x0000024b   Thumb Code     0  startup_LPC407x_8x_177x_8x.o(.text)
    EINT0_IRQHandler                         0x0000024b   Thumb Code     0  startup_LPC407x_8x_177x_8x.o(.text)
    EINT1_IRQHandler                         0x0000024b   Thumb Code     0  startup_LPC407x_8x_177x_8x.o(.text)
    EINT2_IRQHandler                         0x0000024b   Thumb Code     0  startup_LPC407x_8x_177x_8x.o(.text)
    EINT3_IRQHandler                         0x0000024b   Thumb Code     0  startup_LPC407x_8x_177x_8x.o(.text)
    ENET_IRQHandler                          0x0000024b   Thumb Code     0  startup_LPC407x_8x_177x_8x.o(.text)
    GPIO_IRQHandler                          0x0000024b   Thumb Code     0  startup_LPC407x_8x_177x_8x.o(.text)
    I2C0_IRQHandler                          0x0000024b   Thumb Code     0  startup_LPC407x_8x_177x_8x.o(.text)
    I2C1_IRQHandler                          0x0000024b   Thumb Code     0  startup_LPC407x_8x_177x_8x.o(.text)
    I2C2_IRQHandler                          0x0000024b   Thumb Code     0  startup_LPC407x_8x_177x_8x.o(.text)
    I2S_IRQHandler                           0x0000024b   Thumb Code     0  startup_LPC407x_8x_177x_8x.o(.text)
    LCD_IRQHandler                           0x0000024b   Thumb Code     0  startup_LPC407x_8x_177x_8x.o(.text)
    MCI_IRQHandler                           0x0000024b   Thumb Code     0  startup_LPC407x_8x_177x_8x.o(.text)
    MCPWM_IRQHandler                         0x0000024b   Thumb Code     0  startup_LPC407x_8x_177x_8x.o(.text)
    PLL0_IRQHandler                          0x0000024b   Thumb Code     0  startup_LPC407x_8x_177x_8x.o(.text)
    PLL1_IRQHandler                          0x0000024b   Thumb Code     0  startup_LPC407x_8x_177x_8x.o(.text)
    PWM0_IRQHandler                          0x0000024b   Thumb Code     0  startup_LPC407x_8x_177x_8x.o(.text)
    PWM1_IRQHandler                          0x0000024b   Thumb Code     0  startup_LPC407x_8x_177x_8x.o(.text)
    QEI_IRQHandler                           0x0000024b   Thumb Code     0  startup_LPC407x_8x_177x_8x.o(.text)
    RTC_IRQHandler                           0x0000024b   Thumb Code     0  startup_LPC407x_8x_177x_8x.o(.text)
    SSP0_IRQHandler                          0x0000024b   Thumb Code     0  startup_LPC407x_8x_177x_8x.o(.text)
    SSP1_IRQHandler                          0x0000024b   Thumb Code     0  startup_LPC407x_8x_177x_8x.o(.text)
    SSP2_IRQHandler                          0x0000024b   Thumb Code     0  startup_LPC407x_8x_177x_8x.o(.text)
    TIMER0_IRQHandler                        0x0000024b   Thumb Code     0  startup_LPC407x_8x_177x_8x.o(.text)
    TIMER1_IRQHandler                        0x0000024b   Thumb Code     0  startup_LPC407x_8x_177x_8x.o(.text)
    TIMER2_IRQHandler                        0x0000024b   Thumb Code     0  startup_LPC407x_8x_177x_8x.o(.text)
    TIMER3_IRQHandler                        0x0000024b   Thumb Code     0  startup_LPC407x_8x_177x_8x.o(.text)
    UART0_IRQHandler                         0x0000024b   Thumb Code     0  startup_LPC407x_8x_177x_8x.o(.text)
    UART1_IRQHandler                         0x0000024b   Thumb Code     0  startup_LPC407x_8x_177x_8x.o(.text)
    UART2_IRQHandler                         0x0000024b   Thumb Code     0  startup_LPC407x_8x_177x_8x.o(.text)
    UART3_IRQHandler                         0x0000024b   Thumb Code     0  startup_LPC407x_8x_177x_8x.o(.text)
    UART4_IRQHandler                         0x0000024b   Thumb Code     0  startup_LPC407x_8x_177x_8x.o(.text)
    USBActivity_IRQHandler                   0x0000024b   Thumb Code     0  startup_LPC407x_8x_177x_8x.o(.text)
    USB_IRQHandler                           0x0000024b   Thumb Code     0  startup_LPC407x_8x_177x_8x.o(.text)
    WDT_IRQHandler                           0x0000024b   Thumb Code     0  startup_LPC407x_8x_177x_8x.o(.text)
    malloc                                   0x00000255   Thumb Code    94  h1_alloc.o(.text)
    vsprintf                                 0x000002b5   Thumb Code    32  vsprintf.o(.text)
    __cpp_initialize__aeabi_                 0x000002d9   Thumb Code    26  init_aeabi.o(.text)
    free                                     0x00000301   Thumb Code    78  h1_free.o(.text)
    __2sprintf                               0x00000351   Thumb Code    38  __2sprintf.o(.text)
    _printf_int_dec                          0x0000037d   Thumb Code   104  _printf_dec.o(.text)
    __printf                                 0x000003f5   Thumb Code   388  __printf_flags_ss_wp.o(.text)
    __0sscanf                                0x0000057d   Thumb Code    52  __0sscanf.o(.text)
    _scanf_int                               0x000005b9   Thumb Code   332  _scanf_int.o(.text)
    _do_fflush                               0x00000705   Thumb Code    54  fflush.o(.text)
    fflush                                   0x0000073b   Thumb Code    42  fflush.o(.text)
    __aeabi_atexit                           0x00000769   Thumb Code    46  aeabi_atexit.o(.text)
    strlen                                   0x00000797   Thumb Code    62  strlen.o(.text)
    strncmp                                  0x000007d5   Thumb Code   150  strncmp.o(.text)
    __aeabi_memcpy4                          0x0000086b   Thumb Code     0  rt_memcpy_w.o(.text)
    __aeabi_memcpy8                          0x0000086b   Thumb Code     0  rt_memcpy_w.o(.text)
    __rt_memcpy_w                            0x0000086b   Thumb Code   100  rt_memcpy_w.o(.text)
    _memcpy_lastbytes_aligned                0x000008b3   Thumb Code     0  rt_memcpy_w.o(.text)
    __aeabi_memclr4                          0x000008cf   Thumb Code     0  rt_memclr_w.o(.text)
    __aeabi_memclr8                          0x000008cf   Thumb Code     0  rt_memclr_w.o(.text)
    __rt_memclr_w                            0x000008cf   Thumb Code    78  rt_memclr_w.o(.text)
    _memset_w                                0x000008d3   Thumb Code     0  rt_memclr_w.o(.text)
    strcmp                                   0x0000091d   Thumb Code   128  strcmpv7m.o(.text)
    __rt_heap_descriptor                     0x0000099d   Thumb Code     8  rt_heap_descriptor.o(.text)
    __rt_ddtor_pointer_addr                  0x000009a5   Thumb Code     8  rt_ddtor_pointer_addr.o(.text)
    __use_no_heap                            0x000009ad   Thumb Code     2  hguard.o(.text)
    __heap$guard                             0x000009af   Thumb Code     2  hguard.o(.text)
    _terminate_user_alloc                    0x000009b1   Thumb Code     2  init_alloc.o(.text)
    _init_user_alloc                         0x000009b3   Thumb Code     2  init_alloc.o(.text)
    __Heap_Full                              0x000009b5   Thumb Code    34  init_alloc.o(.text)
    __Heap_Broken                            0x000009d7   Thumb Code     6  init_alloc.o(.text)
    _init_alloc                              0x000009dd   Thumb Code    94  init_alloc.o(.text)
    __Heap_Initialize                        0x00000a3b   Thumb Code    10  h1_init.o(.text)
    __Heap_DescSize                          0x00000a45   Thumb Code     4  h1_init.o(.text)
    _printf_pre_padding                      0x00000a49   Thumb Code    44  _printf_pad.o(.text)
    _printf_post_padding                     0x00000a75   Thumb Code    34  _printf_pad.o(.text)
    _printf_truncate_signed                  0x00000a97   Thumb Code    18  _printf_truncate.o(.text)
    _printf_truncate_unsigned                0x00000aa9   Thumb Code    18  _printf_truncate.o(.text)
    _printf_str                              0x00000abb   Thumb Code    82  _printf_str.o(.text)
    _printf_int_common                       0x00000b0d   Thumb Code   178  _printf_intcommon.o(.text)
    _printf_charcount                        0x00000bbf   Thumb Code    40  _printf_charcount.o(.text)
    _printf_char_common                      0x00000bf3   Thumb Code    32  _printf_char_common.o(.text)
    _sputc                                   0x00000c19   Thumb Code    10  _sputc.o(.text)
    _printf_wctomb                           0x00000c25   Thumb Code   182  _printf_wctomb.o(.text)
    _printf_longlong_dec                     0x00000ce1   Thumb Code   108  _printf_longlong_dec.o(.text)
    _printf_longlong_oct                     0x00000d5d   Thumb Code    66  _printf_oct_int_ll.o(.text)
    _printf_int_oct                          0x00000d9f   Thumb Code    24  _printf_oct_int_ll.o(.text)
    _printf_ll_oct                           0x00000db7   Thumb Code    12  _printf_oct_int_ll.o(.text)
    _printf_longlong_hex                     0x00000dcd   Thumb Code    86  _printf_hex_int_ll_ptr.o(.text)
    _printf_int_hex                          0x00000e23   Thumb Code    28  _printf_hex_int_ll_ptr.o(.text)
    _printf_ll_hex                           0x00000e3f   Thumb Code    12  _printf_hex_int_ll_ptr.o(.text)
    _printf_hex_ptr                          0x00000e4b   Thumb Code    18  _printf_hex_int_ll_ptr.o(.text)
    _chval                                   0x00000e61   Thumb Code    28  _chval.o(.text)
    __vfscanf_char                           0x00000e89   Thumb Code    24  scanf_char.o(.text)
    _sgetc                                   0x00000ea9   Thumb Code    30  _sgetc.o(.text)
    _sbackspace                              0x00000ec7   Thumb Code    34  _sgetc.o(.text)
    _fseek                                   0x00000ee9   Thumb Code   242  fseek.o(.text)
    fseek                                    0x00000ee9   Thumb Code     0  fseek.o(.text)
    setvbuf                                  0x00000fe1   Thumb Code    70  setvbuf.o(.text)
    _seterr                                  0x00001029   Thumb Code    20  stdio.o(.text)
    _writebuf                                0x0000103d   Thumb Code    84  stdio.o(.text)
    _fflush                                  0x00001091   Thumb Code    70  stdio.o(.text)
    _deferredlazyseek                        0x000010d7   Thumb Code    60  stdio.o(.text)
    _initio                                  0x00001119   Thumb Code   210  initio.o(.text)
    _terminateio                             0x000011eb   Thumb Code    56  initio.o(.text)
    __cxa_finalize                           0x00001251   Thumb Code    66  cxa_finalize.o(.text)
    __Heap_ProvideMemory                     0x00001293   Thumb Code    52  h1_extend.o(.text)
    _ll_udiv10                               0x000012c7   Thumb Code   138  lludiv10.o(.text)
    isspace                                  0x00001351   Thumb Code    18  isspace.o(.text)
    __lib_sel_fp_printf                      0x00001363   Thumb Code     2  _printf_fp_dec.o(.text)
    _printf_fp_dec_real                      0x00001515   Thumb Code   620  _printf_fp_dec.o(.text)
    _printf_fp_hex_real                      0x00001781   Thumb Code   756  _printf_fp_hex.o(.text)
    _printf_cs_common                        0x00001a7d   Thumb Code    20  _printf_char.o(.text)
    _printf_char                             0x00001a91   Thumb Code    16  _printf_char.o(.text)
    _printf_string                           0x00001aa1   Thumb Code     8  _printf_char.o(.text)
    _printf_lcs_common                       0x00001aa9   Thumb Code    20  _printf_wchar.o(.text)
    _printf_wchar                            0x00001abd   Thumb Code    16  _printf_wchar.o(.text)
    _printf_wstring                          0x00001acd   Thumb Code     8  _printf_wchar.o(.text)
    __vfscanf                                0x00001ad5   Thumb Code   878  _scanf.o(.text)
    _ftell_internal                          0x00001e49   Thumb Code    66  ftell.o(.text)
    ftell                                    0x00001e49   Thumb Code     0  ftell.o(.text)
    freopen                                  0x00001e8d   Thumb Code   158  fopen.o(.text)
    fopen                                    0x00001f2b   Thumb Code    74  fopen.o(.text)
    _fclose_internal                         0x00001f79   Thumb Code    76  fclose.o(.text)
    fclose                                   0x00001f79   Thumb Code     0  fclose.o(.text)
    _wcrtomb                                 0x00001fc5   Thumb Code    64  _wcrtomb.o(.text)
    __sig_exit                               0x00002005   Thumb Code    10  defsig_exit.o(.text)
    __rt_SIGRTRED                            0x0000200f   Thumb Code    14  defsig_rtred_outer.o(.text)
    __rt_SIGRTMEM                            0x0000201d   Thumb Code    14  defsig_rtmem_outer.o(.text)
    __rt_heap_escrow                         0x0000202d   Thumb Code    22  heapauxa.o(.text)
    __rt_heap_expand                         0x00002043   Thumb Code    52  heapauxa.o(.text)
    _sys_exit                                0x0000207d   Thumb Code     8  sys_exit.o(.text)
    __rt_ctype_table                         0x00002089   Thumb Code    16  rt_ctype_table.o(.text)
    __rt_locale                              0x00002099   Thumb Code     8  rt_locale.o(.text)
    __aeabi_errno_addr                       0x000020a1   Thumb Code     8  rt_errno_addr.o(.text)
    __errno                                  0x000020a1   Thumb Code     0  rt_errno_addr.o(.text)
    __rt_errno_addr                          0x000020a1   Thumb Code     0  rt_errno_addr.o(.text)
    _printf_fp_infnan                        0x000020a9   Thumb Code   112  _printf_fp_infnan.o(.text)
    _btod_etento                             0x00002129   Thumb Code   224  bigflt0.o(.text)
    __default_signal_display                 0x0000220d   Thumb Code    50  defsig_general.o(.text)
    __rt_SIGRTRED_inner                      0x00002241   Thumb Code    14  defsig_rtred_inner.o(.text)
    __rt_SIGRTMEM_inner                      0x00002275   Thumb Code    22  defsig_rtmem_inner.o(.text)
    _ttywrch                                 0x000022c5   Thumb Code    14  sys_wrch.o(.text)
    __I$use$semihosting                      0x000022d3   Thumb Code     0  use_no_semi.o(.text)
    __use_no_semihosting_swi                 0x000022d3   Thumb Code     2  use_no_semi.o(.text)
    __semihosting_library_function           0x000022d5   Thumb Code     0  indicate_semi.o(.text)
    _btod_d2e                                0x000022d5   Thumb Code    62  btod.o(CL$$btod_d2e)
    _d2e_denorm_low                          0x00002313   Thumb Code    70  btod.o(CL$$btod_d2e_denorm_low)
    _d2e_norm_op1                            0x00002359   Thumb Code    96  btod.o(CL$$btod_d2e_norm_op1)
    __btod_div_common                        0x000023b9   Thumb Code   696  btod.o(CL$$btod_div_common)
    _e2e                                     0x000026f1   Thumb Code   220  btod.o(CL$$btod_e2e)
    _btod_ediv                               0x000027cd   Thumb Code    42  btod.o(CL$$btod_ediv)
    _btod_emul                               0x000027f7   Thumb Code    42  btod.o(CL$$btod_emul)
    __btod_mult_common                       0x00002821   Thumb Code   580  btod.o(CL$$btod_mult_common)
    main                                     0x00002a65   Thumb Code    18  retarget.o(i.$Sub$$main)
    SystemCoreClockUpdate                    0x00002a79   Thumb Code   462  system_LPC407x_8x_177x_8x.o(i.SystemCoreClockUpdate)
    SystemInit                               0x00002c55   Thumb Code   224  system_LPC407x_8x_177x_8x.o(i.SystemInit)
    lcd_init()                               0x00002e09   Thumb Code    46  main.o(i._Z8lcd_initv)
    printInt(int)                            0x00002e41   Thumb Code    64  main.o(i._Z8printInti)
    EdgeClock()                              0x00002e85   Thumb Code    88  main.o(i._Z9EdgeClockv)
    mbed::I2C::lock()                        0x00002f39   Thumb Code    30  I2C.o(i._ZN4mbed3I2C4lockEv)
    mbed::I2C::read(int)                     0x00002f65   Thumb Code    50  I2C.o(i._ZN4mbed3I2C4readEi)
    mbed::I2C::stop()                        0x00002f97   Thumb Code    30  I2C.o(i._ZN4mbed3I2C4stopEv)
    mbed::I2C::start()                       0x00002fb5   Thumb Code    30  I2C.o(i._ZN4mbed3I2C5startEv)
    mbed::I2C::write(int)                    0x00002fd3   Thumb Code    36  I2C.o(i._ZN4mbed3I2C5writeEi)
    mbed::I2C::unlock()                      0x00002ff9   Thumb Code    30  I2C.o(i._ZN4mbed3I2C6unlockEv)
    mbed::I2C::I2C(PinName, PinName)         0x00003025   Thumb Code    30  I2C.o(i._ZN4mbed3I2CC1E7PinNameS1_)
    mbed::I2C::I2C__sub_object(PinName, PinName) 0x00003025   Thumb Code     0  I2C.o(i._ZN4mbed3I2CC1E7PinNameS1_)
    mbed::I2C::~I2C()                        0x00003051   Thumb Code     2  main.o(i._ZN4mbed3I2CD1Ev)
    mbed::I2C::~I2C__sub_object()            0x00003051   Thumb Code     0  main.o(i._ZN4mbed3I2CD1Ev)
    mbed::FileBase::getPathType()            0x00003053   Thumb Code     4  FileBase.o(i._ZN4mbed8FileBase11getPathTypeEv)
    mbed::FileBase::lookup(const char*, unsigned) 0x00003059   Thumb Code    90  FileBase.o(i._ZN4mbed8FileBase6lookupEPKcj)
    mbed::FilePath::fileSystem()             0x000030c5   Thumb Code    24  FilePath.o(i._ZN4mbed8FilePath10fileSystemEv)
    mbed::FilePath::file()                   0x000030dd   Thumb Code    28  FilePath.o(i._ZN4mbed8FilePath4fileEv)
    mbed::FilePath::exists()                 0x000030f9   Thumb Code    10  FilePath.o(i._ZN4mbed8FilePath6existsEv)
    mbed::FilePath::isFile()                 0x00003103   Thumb Code    24  FilePath.o(i._ZN4mbed8FilePath6isFileEv)
    mbed::FilePath::fileName()               0x0000311b   Thumb Code     4  FilePath.o(i._ZN4mbed8FilePath8fileNameEv)
    mbed::FilePath::FilePath(const char*)    0x0000311f   Thumb Code    64  FilePath.o(i._ZN4mbed8FilePathC1EPKc)
    mbed::FilePath::FilePath__sub_object(const char*) 0x0000311f   Thumb Code     0  FilePath.o(i._ZN4mbed8FilePathC1EPKc)
    __ARM_fpclassify                         0x0000315f   Thumb Code    48  fpclassify.o(i.__ARM_fpclassify)
    __NVIC_SetVector                         0x00003191   Thumb Code    42  cmsis_nvic.o(i.__NVIC_SetVector)
    __reserved_stack_size                    0x000031c1   Thumb Code     4  sys_helper.o(i.__reserved_stack_size)
    __user_setup_stackheap                   0x000032dd   Thumb Code    24  sys.o(i.__user_setup_stackheap)
    _is_digit                                0x000032f9   Thumb Code    14  __printf_wp.o(i._is_digit)
    _sys_close                               0x00003309   Thumb Code    40  retarget.o(i._sys_close)
    _sys_flen                                0x00003335   Thumb Code    34  retarget.o(i._sys_flen)
    _sys_istty                               0x0000335d   Thumb Code    34  retarget.o(i._sys_istty)
    _sys_open                                0x00003385   Thumb Code   436  retarget.o(i._sys_open)
    _sys_seek                                0x00003561   Thumb Code    36  retarget.o(i._sys_seek)
    _sys_write                               0x00003589   Thumb Code    92  retarget.o(i._sys_write)
    core_util_critical_section_enter         0x000035f1   Thumb Code    70  mbed_critical.o(i.core_util_critical_section_enter)
    core_util_critical_section_exit          0x0000367d   Thumb Code    60  mbed_critical.o(i.core_util_critical_section_exit)
    error                                    0x000036d5   Thumb Code    18  mbed_error.o(i.error)
    exit                                     0x000036e9   Thumb Code    24  retarget.o(i.exit)
    gpio_dir                                 0x00003709   Thumb Code    56  gpio_api.o(i.gpio_dir)
    gpio_init                                0x0000375d   Thumb Code    66  gpio_api.o(i.gpio_init)
    gpio_init_in_ex                          0x0000379f   Thumb Code    40  mbed_gpio.o(i.gpio_init_in_ex)
    gpio_init_out                            0x000037c9   Thumb Code    66  mbed_gpio.o(i.gpio_init_out)
    gpio_init_out_ex                         0x00003815   Thumb Code    78  mbed_gpio.o(i.gpio_init_out_ex)
    gpio_mode                                0x00003881   Thumb Code     8  gpio_api.o(i.gpio_mode)
    i2c_byte_read                            0x00003889   Thumb Code    56  i2c_api.o(i.i2c_byte_read)
    i2c_byte_write                           0x000038c5   Thumb Code    68  i2c_api.o(i.i2c_byte_write)
    i2c_init                                 0x0000390d   Thumb Code   196  i2c_api.o(i.i2c_init)
    i2c_start                                0x000039fd   Thumb Code    80  i2c_api.o(i.i2c_start)
    i2c_stop                                 0x00003a51   Thumb Code    52  i2c_api.o(i.i2c_stop)
    $Super$$main                             0x00003a89   Thumb Code  2446  main.o(i.main)
    mbed_assert_internal                     0x0000441d   Thumb Code    32  mbed_assert.o(i.mbed_assert_internal)
    mbed_die                                 0x00004471   Thumb Code   262  mbed_board.o(i.mbed_die)
    mbed_error_printf                        0x00004595   Thumb Code    74  mbed_board.o(i.mbed_error_printf)
    mbed_error_vfprintf                      0x000045e9   Thumb Code    68  mbed_board.o(i.mbed_error_vfprintf)
    mbed_main                                0x00004635   Thumb Code     2  retarget.o(i.mbed_main)
    mbed_sdk_init                            0x00004637   Thumb Code     2  retarget.o(i.mbed_sdk_init)
    pin_function                             0x00004639   Thumb Code    38  pinmap.o(i.pin_function)
    pin_mode                                 0x0000467d   Thumb Code    58  pinmap.o(i.pin_mode)
    pinmap_merge                             0x000046d5   Thumb Code    38  mbed_pinmap_common.o(i.pinmap_merge)
    pinmap_peripheral                        0x00004711   Thumb Code    62  mbed_pinmap_common.o(i.pinmap_peripheral)
    pinmap_pinout                            0x00004771   Thumb Code    72  mbed_pinmap_common.o(i.pinmap_pinout)
    serial_baud                              0x000047cd   Thumb Code   260  serial_api.o(i.serial_baud)
    serial_init                              0x000048d5   Thumb Code   348  serial_api.o(i.serial_init)
    serial_putc                              0x00004a5d   Thumb Code    14  serial_api.o(i.serial_putc)
    ticker_irq_handler                       0x00004a6b   Thumb Code    78  mbed_ticker_api.o(i.ticker_irq_handler)
    us_ticker_clear_interrupt                0x00004ab9   Thumb Code     8  us_ticker.o(i.us_ticker_clear_interrupt)
    us_ticker_disable_interrupt              0x00004ac5   Thumb Code    12  us_ticker.o(i.us_ticker_disable_interrupt)
    us_ticker_init                           0x00004ad5   Thumb Code    74  us_ticker.o(i.us_ticker_init)
    us_ticker_irq_handler                    0x00004b39   Thumb Code     6  mbed_us_ticker_api.o(i.us_ticker_irq_handler)
    us_ticker_read                           0x00004b45   Thumb Code    72  us_ticker.o(i.us_ticker_read)
    us_ticker_set_interrupt                  0x00004ba5   Thumb Code    14  us_ticker.o(i.us_ticker_set_interrupt)
    wait                                     0x00004bb9   Thumb Code    36  mbed_wait_api.o(i.wait)
    wait_ms                                  0x00004be1   Thumb Code    28  mbed_wait_api.o(i.wait_ms)
    _get_lc_numeric                          0x00004bfd   Thumb Code    44  lc_numeric_c.o(locale$$code)
    _get_lc_ctype                            0x00004c29   Thumb Code    44  lc_ctype_c.o(locale$$code)
    SingletonPtr<PlatformMutex>::operator ->() 0x00004c55   Thumb Code    36  FileBase.o(t._ZN12SingletonPtrI13PlatformMutexEptEv)
    __aeabi_d2f                              0x00004c81   Thumb Code     0  d2f.o(x$fpl$d2f)
    _d2f                                     0x00004c81   Thumb Code    98  d2f.o(x$fpl$d2f)
    __aeabi_dadd                             0x00004ce5   Thumb Code     0  daddsub_clz.o(x$fpl$dadd)
    _dadd                                    0x00004ce5   Thumb Code   332  daddsub_clz.o(x$fpl$dadd)
    __aeabi_ui2d                             0x00004e35   Thumb Code     0  dflt_clz.o(x$fpl$dfltu)
    _dfltu                                   0x00004e35   Thumb Code    38  dflt_clz.o(x$fpl$dfltu)
    __aeabi_dmul                             0x00004e5d   Thumb Code     0  dmul.o(x$fpl$dmul)
    _dmul                                    0x00004e5d   Thumb Code   332  dmul.o(x$fpl$dmul)
    __fpl_dnaninf                            0x00004fb1   Thumb Code   156  dnaninf.o(x$fpl$dnaninf)
    __fpl_dretinf                            0x0000504d   Thumb Code    12  dretinf.o(x$fpl$dretinf)
    __aeabi_dsub                             0x00005059   Thumb Code     0  daddsub_clz.o(x$fpl$dsub)
    _dsub                                    0x00005059   Thumb Code   464  daddsub_clz.o(x$fpl$dsub)
    _fp_init                                 0x0000522d   Thumb Code    10  fpinit.o(x$fpl$fpinit)
    __fplib_config_fpu_vfp                   0x00005235   Thumb Code     0  fpinit.o(x$fpl$fpinit)
    __fplib_config_pureend_doubles           0x00005235   Thumb Code     0  fpinit.o(x$fpl$fpinit)
    __fpl_fretinf                            0x00005237   Thumb Code    10  fretinf.o(x$fpl$fretinf)
    _printf_fp_dec                           0x00005241   Thumb Code     4  printf1.o(x$fpl$printf1)
    _printf_fp_hex                           0x00005245   Thumb Code     4  printf2.o(x$fpl$printf2)
    __I$use$fp                               0x00005248   Number         0  usenofp.o(x$fpl$usenofp)
    __stdin_name                             0x00005248   Data           7  retarget.o(.constdata)
    __stdout_name                            0x0000524f   Data           8  retarget.o(.constdata)
    __stderr_name                            0x00005257   Data           8  retarget.o(.constdata)
    vtable for mbed::I2C                     0x000055d0   Data          24  I2C.o(.constdata__ZTVN4mbed3I2CE)
    SingletonPtr<PlatformMutex>::get()::string 0x000055e8   Data          20  retarget.o(.constdata__ZZN12SingletonPtrI13PlatformMutexE3getEvEs)
    SingletonPtr<PlatformMutex>::get()::string (instance 2) 0x000055fc   Data          69  retarget.o(.constdata__ZZN12SingletonPtrI13PlatformMutexE3getEvEs_0)
    Region$$Table$$Base                      0x0000589c   Number         0  anon$$obj.o(Region$$Table)
    Region$$Table$$Limit                     0x000058bc   Number         0  anon$$obj.o(Region$$Table)
    __ctype                                  0x000058e5   Data           0  lc_ctype_c.o(locale$$data)
    SHT$$INIT_ARRAY$$Base                    0x000059e8   Number         0  main.o(.init_array)
    SHT$$INIT_ARRAY$$Limit                   0x000059ec   Number         0  init_aeabi.o(.init_array)
    SystemCoreClock                          0x100000f0   Data           4  system_LPC407x_8x_177x_8x.o(.data)
    PeripheralClock                          0x100000f4   Data           4  system_LPC407x_8x_177x_8x.o(.data)
    EMCClock                                 0x100000f8   Data           4  system_LPC407x_8x_177x_8x.o(.data)
    USBClock                                 0x100000fc   Data           4  system_LPC407x_8x_177x_8x.o(.data)
    stdio_uart_inited                        0x10000104   Data           4  serial_api.o(.data)
    stdio_uart                               0x1000010c   Data           8  serial_api.o(.data)
    mbed::I2C::_owner                        0x10000114   Data           4  I2C.o(.data)
    mbed::I2C::_mutex                        0x10000118   Data           8  I2C.o(.data)
    us_ticker_inited                         0x10000128   Data           4  us_ticker.o(.data)
    mbed::FileBase::_head                    0x1000012c   Data           4  FileBase.o(.data)
    mbed::FileBase::_mutex                   0x10000130   Data           8  FileBase.o(.data)
    __aeabi_stdin                            0x10000140   Data           4  stdio_streams.o(.data)
    __aeabi_stdout                           0x10000144   Data           4  stdio_streams.o(.data)
    __aeabi_stderr                           0x10000148   Data           4  stdio_streams.o(.data)
    col1                                     0x10000190   Data          24  main.o(.bss)
    col2                                     0x100001a8   Data          24  main.o(.bss)
    col3                                     0x100001c0   Data          24  main.o(.bss)
    col4                                     0x100001d8   Data          24  main.o(.bss)
    clk                                      0x100001f0   Data          24  main.o(.bss)
    rst                                      0x10000208   Data          24  main.o(.bss)
    data                                     0x10000220   Data          24  main.o(.bss)
    myled                                    0x10000238   Data          24  main.o(.bss)
    myled2                                   0x10000250   Data          24  main.o(.bss)
    toggle                                   0x10000268   Data          24  main.o(.bss)
    i2c                                      0x10000280   Data          12  main.o(.bss)
    __stdin                                  0x1000028c   Data          84  stdio_streams.o(.bss)
    __stdout                                 0x100002e0   Data          84  stdio_streams.o(.bss)
    __stderr                                 0x10000334   Data          84  stdio_streams.o(.bss)
    Image$$RW_IRAM1$$ZI$$Limit               0x100003a8   Number         0  anon$$obj.o ABSOLUTE



==============================================================================

Memory Map of the image

  Image Entry point : 0x000000e5

  Load Region LR_IROM1 (Base: 0x00000000, Size: 0x00005a54, Max: 0x00080000, ABSOLUTE)

    Execution Region ER_IROM1 (Exec base: 0x00000000, Load base: 0x00000000, Size: 0x000059ec, Max: 0x00080000, ABSOLUTE)

    Exec Addr    Load Addr    Size         Type   Attr      Idx    E Section Name        Object

    0x00000000   0x00000000   0x000000e4   Data   RO          168    RESET               startup_LPC407x_8x_177x_8x.o
    0x000000e4   0x000000e4   0x00000008   Code   RO         1224  * !!!main             c_w.l(__main.o)
    0x000000ec   0x000000ec   0x00000034   Code   RO         1800    !!!scatter          c_w.l(__scatter.o)
    0x00000120   0x00000120   0x0000001a   Code   RO         1802    !!handler_copy      c_w.l(__scatter_copy.o)
    0x0000013a   0x0000013a   0x00000002   PAD
    0x0000013c   0x0000013c   0x0000001c   Code   RO         1804    !!handler_zi        c_w.l(__scatter_zi.o)
    0x00000158   0x00000158   0x00000000   Code   RO         1181    .ARM.Collect$$_printf_percent$$00000000  c_w.l(_printf_percent.o)
    0x00000158   0x00000158   0x00000006   Code   RO         1438    .ARM.Collect$$_printf_percent$$00000001  c_w.l(_printf_n.o)
    0x0000015e   0x0000015e   0x00000006   Code   RO         1440    .ARM.Collect$$_printf_percent$$00000002  c_w.l(_printf_p.o)
    0x00000164   0x00000164   0x00000006   Code   RO         1444    .ARM.Collect$$_printf_percent$$00000003  c_w.l(_printf_f.o)
    0x0000016a   0x0000016a   0x00000006   Code   RO         1445    .ARM.Collect$$_printf_percent$$00000004  c_w.l(_printf_e.o)
    0x00000170   0x00000170   0x00000006   Code   RO         1446    .ARM.Collect$$_printf_percent$$00000005  c_w.l(_printf_g.o)
    0x00000176   0x00000176   0x00000006   Code   RO         1447    .ARM.Collect$$_printf_percent$$00000006  c_w.l(_printf_a.o)
    0x0000017c   0x0000017c   0x0000000a   Code   RO         1452    .ARM.Collect$$_printf_percent$$00000007  c_w.l(_printf_ll.o)
    0x00000186   0x00000186   0x00000006   Code   RO         1442    .ARM.Collect$$_printf_percent$$00000008  c_w.l(_printf_i.o)
    0x0000018c   0x0000018c   0x00000006   Code   RO         1180    .ARM.Collect$$_printf_percent$$00000009  c_w.l(_printf_d.o)
    0x00000192   0x00000192   0x00000006   Code   RO         1443    .ARM.Collect$$_printf_percent$$0000000A  c_w.l(_printf_u.o)
    0x00000198   0x00000198   0x00000006   Code   RO         1441    .ARM.Collect$$_printf_percent$$0000000B  c_w.l(_printf_o.o)
    0x0000019e   0x0000019e   0x00000006   Code   RO         1439    .ARM.Collect$$_printf_percent$$0000000C  c_w.l(_printf_x.o)
    0x000001a4   0x000001a4   0x00000006   Code   RO         1449    .ARM.Collect$$_printf_percent$$0000000D  c_w.l(_printf_lli.o)
    0x000001aa   0x000001aa   0x00000006   Code   RO         1450    .ARM.Collect$$_printf_percent$$0000000E  c_w.l(_printf_lld.o)
    0x000001b0   0x000001b0   0x00000006   Code   RO         1451    .ARM.Collect$$_printf_percent$$0000000F  c_w.l(_printf_llu.o)
    0x000001b6   0x000001b6   0x00000006   Code   RO         1456    .ARM.Collect$$_printf_percent$$00000010  c_w.l(_printf_llo.o)
    0x000001bc   0x000001bc   0x00000006   Code   RO         1457    .ARM.Collect$$_printf_percent$$00000011  c_w.l(_printf_llx.o)
    0x000001c2   0x000001c2   0x0000000a   Code   RO         1453    .ARM.Collect$$_printf_percent$$00000012  c_w.l(_printf_l.o)
    0x000001cc   0x000001cc   0x00000006   Code   RO         1436    .ARM.Collect$$_printf_percent$$00000013  c_w.l(_printf_c.o)
    0x000001d2   0x000001d2   0x00000006   Code   RO         1437    .ARM.Collect$$_printf_percent$$00000014  c_w.l(_printf_s.o)
    0x000001d8   0x000001d8   0x00000006   Code   RO         1454    .ARM.Collect$$_printf_percent$$00000015  c_w.l(_printf_lc.o)
    0x000001de   0x000001de   0x00000006   Code   RO         1455    .ARM.Collect$$_printf_percent$$00000016  c_w.l(_printf_ls.o)
    0x000001e4   0x000001e4   0x00000004   Code   RO         1448    .ARM.Collect$$_printf_percent$$00000017  c_w.l(_printf_percent_end.o)
    0x000001e8   0x000001e8   0x00000002   Code   RO         1760    .ARM.Collect$$libinit$$00000000  c_w.l(libinit.o)
    0x000001ea   0x000001ea   0x00000004   Code   RO         1494    .ARM.Collect$$libinit$$00000001  c_w.l(libinit2.o)
    0x000001ee   0x000001ee   0x00000000   Code   RO         1497    .ARM.Collect$$libinit$$00000004  c_w.l(libinit2.o)
    0x000001ee   0x000001ee   0x00000008   Code   RO         1498    .ARM.Collect$$libinit$$00000005  c_w.l(libinit2.o)
    0x000001f6   0x000001f6   0x00000000   Code   RO         1500    .ARM.Collect$$libinit$$0000000A  c_w.l(libinit2.o)
    0x000001f6   0x000001f6   0x00000000   Code   RO         1502    .ARM.Collect$$libinit$$0000000C  c_w.l(libinit2.o)
    0x000001f6   0x000001f6   0x00000000   Code   RO         1504    .ARM.Collect$$libinit$$0000000E  c_w.l(libinit2.o)
    0x000001f6   0x000001f6   0x00000006   Code   RO         1505    .ARM.Collect$$libinit$$0000000F  c_w.l(libinit2.o)
    0x000001fc   0x000001fc   0x00000000   Code   RO         1507    .ARM.Collect$$libinit$$00000011  c_w.l(libinit2.o)
    0x000001fc   0x000001fc   0x0000000c   Code   RO         1508    .ARM.Collect$$libinit$$00000012  c_w.l(libinit2.o)
    0x00000208   0x00000208   0x00000000   Code   RO         1509    .ARM.Collect$$libinit$$00000013  c_w.l(libinit2.o)
    0x00000208   0x00000208   0x00000000   Code   RO         1511    .ARM.Collect$$libinit$$00000015  c_w.l(libinit2.o)
    0x00000208   0x00000208   0x0000000a   Code   RO         1512    .ARM.Collect$$libinit$$00000016  c_w.l(libinit2.o)
    0x00000212   0x00000212   0x00000000   Code   RO         1513    .ARM.Collect$$libinit$$00000017  c_w.l(libinit2.o)
    0x00000212   0x00000212   0x00000000   Code   RO         1515    .ARM.Collect$$libinit$$00000019  c_w.l(libinit2.o)
    0x00000212   0x00000212   0x00000000   Code   RO         1517    .ARM.Collect$$libinit$$0000001B  c_w.l(libinit2.o)
    0x00000212   0x00000212   0x00000000   Code   RO         1519    .ARM.Collect$$libinit$$0000001D  c_w.l(libinit2.o)
    0x00000212   0x00000212   0x00000000   Code   RO         1521    .ARM.Collect$$libinit$$0000001F  c_w.l(libinit2.o)
    0x00000212   0x00000212   0x00000000   Code   RO         1523    .ARM.Collect$$libinit$$00000021  c_w.l(libinit2.o)
    0x00000212   0x00000212   0x00000000   Code   RO         1525    .ARM.Collect$$libinit$$00000023  c_w.l(libinit2.o)
    0x00000212   0x00000212   0x00000004   Code   RO         1526    .ARM.Collect$$libinit$$00000024  c_w.l(libinit2.o)
    0x00000216   0x00000216   0x00000000   Code   RO         1527    .ARM.Collect$$libinit$$00000025  c_w.l(libinit2.o)
    0x00000216   0x00000216   0x00000000   Code   RO         1531    .ARM.Collect$$libinit$$0000002C  c_w.l(libinit2.o)
    0x00000216   0x00000216   0x00000000   Code   RO         1533    .ARM.Collect$$libinit$$0000002E  c_w.l(libinit2.o)
    0x00000216   0x00000216   0x00000000   Code   RO         1535    .ARM.Collect$$libinit$$00000030  c_w.l(libinit2.o)
    0x00000216   0x00000216   0x00000004   Code   RO         1536    .ARM.Collect$$libinit$$00000031  c_w.l(libinit2.o)
    0x0000021a   0x0000021a   0x00000000   Code   RO         1537    .ARM.Collect$$libinit$$00000032  c_w.l(libinit2.o)
    0x0000021a   0x0000021a   0x00000002   Code   RO         1538    .ARM.Collect$$libinit$$00000033  c_w.l(libinit2.o)
    0x0000021c   0x0000021c   0x00000000   Code   RO         1658    .ARM.Collect$$libshutdown$$00000002  c_w.l(libshutdown2.o)
    0x0000021c   0x0000021c   0x00000000   Code   RO         1660    .ARM.Collect$$libshutdown$$00000004  c_w.l(libshutdown2.o)
    0x0000021c   0x0000021c   0x00000000   Code   RO         1359    .ARM.Collect$$rtentry$$00000000  c_w.l(__rtentry.o)
    0x0000021c   0x0000021c   0x00000000   Code   RO         1573    .ARM.Collect$$rtentry$$00000002  c_w.l(__rtentry2.o)
    0x0000021c   0x0000021c   0x00000006   Code   RO         1585    .ARM.Collect$$rtentry$$00000004  c_w.l(__rtentry4.o)
    0x00000222   0x00000222   0x00000000   Code   RO         1575    .ARM.Collect$$rtentry$$00000009  c_w.l(__rtentry2.o)
    0x00000222   0x00000222   0x00000004   Code   RO         1576    .ARM.Collect$$rtentry$$0000000A  c_w.l(__rtentry2.o)
    0x00000226   0x00000226   0x00000000   Code   RO         1578    .ARM.Collect$$rtentry$$0000000C  c_w.l(__rtentry2.o)
    0x00000226   0x00000226   0x00000008   Code   RO         1579    .ARM.Collect$$rtentry$$0000000D  c_w.l(__rtentry2.o)
    0x0000022e   0x0000022e   0x00000002   PAD
    0x00000230   0x00000230   0x00000000   Code   RO         1591    .emb_text           c_w.l(maybetermalloc1.o)
    0x00000230   0x00000230   0x00000024   Code   RO          170    .text               startup_LPC407x_8x_177x_8x.o
    0x00000254   0x00000254   0x0000005e   Code   RO         1092    .text               c_w.l(h1_alloc.o)
    0x000002b2   0x000002b2   0x00000002   PAD
    0x000002b4   0x000002b4   0x00000024   Code   RO         1150    .text               c_w.l(vsprintf.o)
    0x000002d8   0x000002d8   0x00000024   Code   RO         1229    .text               c_w.l(init_aeabi.o)
    0x000002fc   0x000002fc   0x00000004   Code   RO          169    .ARM.__at_0x02FC    startup_LPC407x_8x_177x_8x.o
    0x00000300   0x00000300   0x0000004e   Code   RO         1094    .text               c_w.l(h1_free.o)
    0x0000034e   0x0000034e   0x00000002   PAD
    0x00000350   0x00000350   0x0000002c   Code   RO         1152    .text               c_w.l(__2sprintf.o)
    0x0000037c   0x0000037c   0x00000078   Code   RO         1158    .text               c_w.l(_printf_dec.o)
    0x000003f4   0x000003f4   0x00000188   Code   RO         1177    .text               c_w.l(__printf_flags_ss_wp.o)
    0x0000057c   0x0000057c   0x0000003c   Code   RO         1182    .text               c_w.l(__0sscanf.o)
    0x000005b8   0x000005b8   0x0000014c   Code   RO         1184    .text               c_w.l(_scanf_int.o)
    0x00000704   0x00000704   0x00000064   Code   RO         1186    .text               c_w.l(fflush.o)
    0x00000768   0x00000768   0x0000002e   Code   RO         1209    .text               c_w.l(aeabi_atexit.o)
    0x00000796   0x00000796   0x0000003e   Code   RO         1212    .text               c_w.l(strlen.o)
    0x000007d4   0x000007d4   0x00000096   Code   RO         1214    .text               c_w.l(strncmp.o)
    0x0000086a   0x0000086a   0x00000064   Code   RO         1216    .text               c_w.l(rt_memcpy_w.o)
    0x000008ce   0x000008ce   0x0000004e   Code   RO         1218    .text               c_w.l(rt_memclr_w.o)
    0x0000091c   0x0000091c   0x00000080   Code   RO         1222    .text               c_w.l(strcmpv7m.o)
    0x0000099c   0x0000099c   0x00000008   Code   RO         1360    .text               c_w.l(rt_heap_descriptor.o)
    0x000009a4   0x000009a4   0x00000008   Code   RO         1365    .text               c_w.l(rt_ddtor_pointer_addr.o)
    0x000009ac   0x000009ac   0x00000004   Code   RO         1370    .text               c_w.l(hguard.o)
    0x000009b0   0x000009b0   0x0000008a   Code   RO         1372    .text               c_w.l(init_alloc.o)
    0x00000a3a   0x00000a3a   0x0000000e   Code   RO         1376    .text               c_w.l(h1_init.o)
    0x00000a48   0x00000a48   0x0000004e   Code   RO         1390    .text               c_w.l(_printf_pad.o)
    0x00000a96   0x00000a96   0x00000024   Code   RO         1392    .text               c_w.l(_printf_truncate.o)
    0x00000aba   0x00000aba   0x00000052   Code   RO         1394    .text               c_w.l(_printf_str.o)
    0x00000b0c   0x00000b0c   0x000000b2   Code   RO         1396    .text               c_w.l(_printf_intcommon.o)
    0x00000bbe   0x00000bbe   0x00000028   Code   RO         1398    .text               c_w.l(_printf_charcount.o)
    0x00000be6   0x00000be6   0x00000002   PAD
    0x00000be8   0x00000be8   0x00000030   Code   RO         1400    .text               c_w.l(_printf_char_common.o)
    0x00000c18   0x00000c18   0x0000000a   Code   RO         1402    .text               c_w.l(_sputc.o)
    0x00000c22   0x00000c22   0x00000002   PAD
    0x00000c24   0x00000c24   0x000000bc   Code   RO         1404    .text               c_w.l(_printf_wctomb.o)
    0x00000ce0   0x00000ce0   0x0000007c   Code   RO         1407    .text               c_w.l(_printf_longlong_dec.o)
    0x00000d5c   0x00000d5c   0x00000070   Code   RO         1413    .text               c_w.l(_printf_oct_int_ll.o)
    0x00000dcc   0x00000dcc   0x00000094   Code   RO         1433    .text               c_w.l(_printf_hex_int_ll_ptr.o)
    0x00000e60   0x00000e60   0x0000001c   Code   RO         1458    .text               c_w.l(_chval.o)
    0x00000e7c   0x00000e7c   0x0000002c   Code   RO         1460    .text               c_w.l(scanf_char.o)
    0x00000ea8   0x00000ea8   0x00000040   Code   RO         1462    .text               c_w.l(_sgetc.o)
    0x00000ee8   0x00000ee8   0x000000f8   Code   RO         1468    .text               c_w.l(fseek.o)
    0x00000fe0   0x00000fe0   0x00000046   Code   RO         1470    .text               c_w.l(setvbuf.o)
    0x00001026   0x00001026   0x00000002   PAD
    0x00001028   0x00001028   0x000000f0   Code   RO         1472    .text               c_w.l(stdio.o)
    0x00001118   0x00001118   0x00000138   Code   RO         1475    .text               c_w.l(initio.o)
    0x00001250   0x00001250   0x00000042   Code   RO         1483    .text               c_w.l(cxa_finalize.o)
    0x00001292   0x00001292   0x00000034   Code   RO         1593    .text               c_w.l(h1_extend.o)
    0x000012c6   0x000012c6   0x0000008a   Code   RO         1597    .text               c_w.l(lludiv10.o)
    0x00001350   0x00001350   0x00000012   Code   RO         1599    .text               c_w.l(isspace.o)
    0x00001362   0x00001362   0x0000041e   Code   RO         1601    .text               c_w.l(_printf_fp_dec.o)
    0x00001780   0x00001780   0x000002fc   Code   RO         1603    .text               c_w.l(_printf_fp_hex.o)
    0x00001a7c   0x00001a7c   0x0000002c   Code   RO         1608    .text               c_w.l(_printf_char.o)
    0x00001aa8   0x00001aa8   0x0000002c   Code   RO         1610    .text               c_w.l(_printf_wchar.o)
    0x00001ad4   0x00001ad4   0x00000374   Code   RO         1612    .text               c_w.l(_scanf.o)
    0x00001e48   0x00001e48   0x00000042   Code   RO         1614    .text               c_w.l(ftell.o)
    0x00001e8a   0x00001e8a   0x00000002   PAD
    0x00001e8c   0x00001e8c   0x000000ec   Code   RO         1620    .text               c_w.l(fopen.o)
    0x00001f78   0x00001f78   0x0000004c   Code   RO         1622    .text               c_w.l(fclose.o)
    0x00001fc4   0x00001fc4   0x00000040   Code   RO         1636    .text               c_w.l(_wcrtomb.o)
    0x00002004   0x00002004   0x0000000a   Code   RO         1638    .text               c_w.l(defsig_exit.o)
    0x0000200e   0x0000200e   0x0000000e   Code   RO         1640    .text               c_w.l(defsig_rtred_outer.o)
    0x0000201c   0x0000201c   0x0000000e   Code   RO         1644    .text               c_w.l(defsig_rtmem_outer.o)
    0x0000202a   0x0000202a   0x00000002   PAD
    0x0000202c   0x0000202c   0x00000050   Code   RO         1650    .text               c_w.l(heapauxa.o)
    0x0000207c   0x0000207c   0x0000000c   Code   RO         1688    .text               c_w.l(sys_exit.o)
    0x00002088   0x00002088   0x00000010   Code   RO         1690    .text               c_w.l(rt_ctype_table.o)
    0x00002098   0x00002098   0x00000008   Code   RO         1692    .text               c_w.l(rt_locale.o)
    0x000020a0   0x000020a0   0x00000008   Code   RO         1702    .text               c_w.l(rt_errno_addr.o)
    0x000020a8   0x000020a8   0x00000080   Code   RO         1709    .text               c_w.l(_printf_fp_infnan.o)
    0x00002128   0x00002128   0x000000e4   Code   RO         1711    .text               c_w.l(bigflt0.o)
    0x0000220c   0x0000220c   0x00000032   Code   RO         1743    .text               c_w.l(defsig_general.o)
    0x0000223e   0x0000223e   0x00000002   PAD
    0x00002240   0x00002240   0x00000034   Code   RO         1745    .text               c_w.l(defsig_rtred_inner.o)
    0x00002274   0x00002274   0x00000050   Code   RO         1747    .text               c_w.l(defsig_rtmem_inner.o)
    0x000022c4   0x000022c4   0x0000000e   Code   RO         1768    .text               c_w.l(sys_wrch.o)
    0x000022d2   0x000022d2   0x00000002   Code   RO         1770    .text               c_w.l(use_no_semi.o)
    0x000022d4   0x000022d4   0x00000000   Code   RO         1772    .text               c_w.l(indicate_semi.o)
    0x000022d4   0x000022d4   0x0000003e   Code   RO         1714    CL$$btod_d2e        c_w.l(btod.o)
    0x00002312   0x00002312   0x00000046   Code   RO         1716    CL$$btod_d2e_denorm_low  c_w.l(btod.o)
    0x00002358   0x00002358   0x00000060   Code   RO         1715    CL$$btod_d2e_norm_op1  c_w.l(btod.o)
    0x000023b8   0x000023b8   0x00000338   Code   RO         1724    CL$$btod_div_common  c_w.l(btod.o)
    0x000026f0   0x000026f0   0x000000dc   Code   RO         1721    CL$$btod_e2e        c_w.l(btod.o)
    0x000027cc   0x000027cc   0x0000002a   Code   RO         1718    CL$$btod_ediv       c_w.l(btod.o)
    0x000027f6   0x000027f6   0x0000002a   Code   RO         1717    CL$$btod_emul       c_w.l(btod.o)
    0x00002820   0x00002820   0x00000244   Code   RO         1723    CL$$btod_mult_common  c_w.l(btod.o)
    0x00002a64   0x00002a64   0x00000012   Code   RO           27    i.$Sub$$main        retarget.o
    0x00002a76   0x00002a76   0x00000002   PAD
    0x00002a78   0x00002a78   0x000001dc   Code   RO          181    i.SystemCoreClockUpdate  system_LPC407x_8x_177x_8x.o
    0x00002c54   0x00002c54   0x000000f8   Code   RO          182    i.SystemInit        system_LPC407x_8x_177x_8x.o
    0x00002d4c   0x00002d4c   0x000000bc   Code   RO          197    i._Z11wr_lcd_modecc  main.o
    0x00002e08   0x00002e08   0x00000038   Code   RO          204    i._Z8lcd_initv      main.o
    0x00002e40   0x00002e40   0x00000044   Code   RO          205    i._Z8printInti      main.o
    0x00002e84   0x00002e84   0x000000b4   Code   RO          206    i._Z9EdgeClockv     main.o
    0x00002f38   0x00002f38   0x0000002c   Code   RO          788    i._ZN4mbed3I2C4lockEv  mbed.ar(I2C.o)
    0x00002f64   0x00002f64   0x00000032   Code   RO          789    i._ZN4mbed3I2C4readEi  mbed.ar(I2C.o)
    0x00002f96   0x00002f96   0x0000001e   Code   RO          791    i._ZN4mbed3I2C4stopEv  mbed.ar(I2C.o)
    0x00002fb4   0x00002fb4   0x0000001e   Code   RO          792    i._ZN4mbed3I2C5startEv  mbed.ar(I2C.o)
    0x00002fd2   0x00002fd2   0x00000024   Code   RO          793    i._ZN4mbed3I2C5writeEi  mbed.ar(I2C.o)
    0x00002ff6   0x00002ff6   0x00000002   PAD
    0x00002ff8   0x00002ff8   0x0000002c   Code   RO          796    i._ZN4mbed3I2C6unlockEv  mbed.ar(I2C.o)
    0x00003024   0x00003024   0x0000002c   Code   RO          798    i._ZN4mbed3I2CC1E7PinNameS1_  mbed.ar(I2C.o)
    0x00003050   0x00003050   0x00000002   Code   RO          321    i._ZN4mbed3I2CD1Ev  main.o
    0x00003052   0x00003052   0x00000004   Code   RO         1005    i._ZN4mbed8FileBase11getPathTypeEv  mbed.ar(FileBase.o)
    0x00003056   0x00003056   0x00000002   PAD
    0x00003058   0x00003058   0x0000006c   Code   RO         1007    i._ZN4mbed8FileBase6lookupEPKcj  mbed.ar(FileBase.o)
    0x000030c4   0x000030c4   0x00000018   Code   RO          689    i._ZN4mbed8FilePath10fileSystemEv  mbed.ar(FilePath.o)
    0x000030dc   0x000030dc   0x0000001c   Code   RO          691    i._ZN4mbed8FilePath4fileEv  mbed.ar(FilePath.o)
    0x000030f8   0x000030f8   0x0000000a   Code   RO          692    i._ZN4mbed8FilePath6existsEv  mbed.ar(FilePath.o)
    0x00003102   0x00003102   0x00000018   Code   RO          693    i._ZN4mbed8FilePath6isFileEv  mbed.ar(FilePath.o)
    0x0000311a   0x0000311a   0x00000004   Code   RO          694    i._ZN4mbed8FilePath8fileNameEv  mbed.ar(FilePath.o)
    0x0000311e   0x0000311e   0x00000040   Code   RO          695    i._ZN4mbed8FilePathC1EPKc  mbed.ar(FilePath.o)
    0x0000315e   0x0000315e   0x00000030   Code   RO         1766    i.__ARM_fpclassify  m_wm.l(fpclassify.o)
    0x0000318e   0x0000318e   0x00000002   PAD
    0x00003190   0x00003190   0x00000030   Code   RO            5    i.__NVIC_SetVector  cmsis_nvic.o
    0x000031c0   0x000031c0   0x00000004   Code   RO          175    i.__reserved_stack_size  sys_helper.o
    0x000031c4   0x000031c4   0x00000118   Code   RO          209    i.__sti___8_main_cpp_col1  main.o
    0x000032dc   0x000032dc   0x0000001c   Code   RO          172    i.__user_setup_stackheap  sys.o
    0x000032f8   0x000032f8   0x0000000e   Code   RO         1170    i._is_digit         c_w.l(__printf_wp.o)
    0x00003306   0x00003306   0x00000002   PAD
    0x00003308   0x00003308   0x0000002c   Code   RO           37    i._sys_close        retarget.o
    0x00003334   0x00003334   0x00000028   Code   RO           40    i._sys_flen         retarget.o
    0x0000335c   0x0000335c   0x00000028   Code   RO           41    i._sys_istty        retarget.o
    0x00003384   0x00003384   0x000001dc   Code   RO           42    i._sys_open         retarget.o
    0x00003560   0x00003560   0x00000028   Code   RO           44    i._sys_seek         retarget.o
    0x00003588   0x00003588   0x00000068   Code   RO           45    i._sys_write        retarget.o
    0x000035f0   0x000035f0   0x0000008c   Code   RO          872    i.core_util_critical_section_enter  mbed.ar(mbed_critical.o)
    0x0000367c   0x0000367c   0x00000058   Code   RO          873    i.core_util_critical_section_exit  mbed.ar(mbed_critical.o)
    0x000036d4   0x000036d4   0x00000012   Code   RO          851    i.error             mbed.ar(mbed_error.o)
    0x000036e6   0x000036e6   0x00000002   PAD
    0x000036e8   0x000036e8   0x00000020   Code   RO           47    i.exit              retarget.o
    0x00003708   0x00003708   0x00000054   Code   RO          962    i.gpio_dir          mbed.ar(gpio_api.o)
    0x0000375c   0x0000375c   0x00000042   Code   RO          963    i.gpio_init         mbed.ar(gpio_api.o)
    0x0000379e   0x0000379e   0x00000028   Code   RO          898    i.gpio_init_in_ex   mbed.ar(mbed_gpio.o)
    0x000037c6   0x000037c6   0x00000002   PAD
    0x000037c8   0x000037c8   0x0000004c   Code   RO          900    i.gpio_init_out     mbed.ar(mbed_gpio.o)
    0x00003814   0x00003814   0x0000006c   Code   RO          901    i.gpio_init_out_ex  mbed.ar(mbed_gpio.o)
    0x00003880   0x00003880   0x00000008   Code   RO          964    i.gpio_mode         mbed.ar(gpio_api.o)
    0x00003888   0x00003888   0x0000003c   Code   RO          926    i.i2c_byte_read     mbed.ar(i2c_api.o)
    0x000038c4   0x000038c4   0x00000048   Code   RO          927    i.i2c_byte_write    mbed.ar(i2c_api.o)
    0x0000390c   0x0000390c   0x000000f0   Code   RO          929    i.i2c_init          mbed.ar(i2c_api.o)
    0x000039fc   0x000039fc   0x00000054   Code   RO          955    i.i2c_start         mbed.ar(i2c_api.o)
    0x00003a50   0x00003a50   0x00000038   Code   RO          957    i.i2c_stop          mbed.ar(i2c_api.o)
    0x00003a88   0x00003a88   0x00000994   Code   RO          210    i.main              main.o
    0x0000441c   0x0000441c   0x00000054   Code   RO          843    i.mbed_assert_internal  mbed.ar(mbed_assert.o)
    0x00004470   0x00004470   0x00000124   Code   RO           14    i.mbed_die          mbed_board.o
    0x00004594   0x00004594   0x00000054   Code   RO           15    i.mbed_error_printf  mbed_board.o
    0x000045e8   0x000045e8   0x0000004c   Code   RO           16    i.mbed_error_vfprintf  mbed_board.o
    0x00004634   0x00004634   0x00000002   Code   RO           48    i.mbed_main         retarget.o
    0x00004636   0x00004636   0x00000002   Code   RO           49    i.mbed_sdk_init     retarget.o
    0x00004638   0x00004638   0x00000044   Code   RO          977    i.pin_function      mbed.ar(pinmap.o)
    0x0000467c   0x0000467c   0x00000058   Code   RO          978    i.pin_mode          mbed.ar(pinmap.o)
    0x000046d4   0x000046d4   0x0000003c   Code   RO         1043    i.pinmap_merge      mbed.ar(mbed_pinmap_common.o)
    0x00004710   0x00004710   0x00000060   Code   RO         1044    i.pinmap_peripheral  mbed.ar(mbed_pinmap_common.o)
    0x00004770   0x00004770   0x0000005c   Code   RO         1045    i.pinmap_pinout     mbed.ar(mbed_pinmap_common.o)
    0x000047cc   0x000047cc   0x00000108   Code   RO          641    i.serial_baud       mbed.ar(serial_api.o)
    0x000048d4   0x000048d4   0x00000188   Code   RO          648    i.serial_init       mbed.ar(serial_api.o)
    0x00004a5c   0x00004a5c   0x0000000e   Code   RO          652    i.serial_putc       mbed.ar(serial_api.o)
    0x00004a6a   0x00004a6a   0x0000004e   Code   RO         1073    i.ticker_irq_handler  mbed.ar(mbed_ticker_api.o)
    0x00004ab8   0x00004ab8   0x0000000c   Code   RO          988    i.us_ticker_clear_interrupt  mbed.ar(us_ticker.o)
    0x00004ac4   0x00004ac4   0x00000010   Code   RO          989    i.us_ticker_disable_interrupt  mbed.ar(us_ticker.o)
    0x00004ad4   0x00004ad4   0x00000064   Code   RO          990    i.us_ticker_init    mbed.ar(us_ticker.o)
    0x00004b38   0x00004b38   0x0000000c   Code   RO         1059    i.us_ticker_irq_handler  mbed.ar(mbed_us_ticker_api.o)
    0x00004b44   0x00004b44   0x00000060   Code   RO          991    i.us_ticker_read    mbed.ar(us_ticker.o)
    0x00004ba4   0x00004ba4   0x00000014   Code   RO          992    i.us_ticker_set_interrupt  mbed.ar(us_ticker.o)
    0x00004bb8   0x00004bb8   0x00000028   Code   RO          914    i.wait              mbed.ar(mbed_wait_api.o)
    0x00004be0   0x00004be0   0x0000001c   Code   RO          915    i.wait_ms           mbed.ar(mbed_wait_api.o)
    0x00004bfc   0x00004bfc   0x0000002c   Code   RO         1737    locale$$code        c_w.l(lc_numeric_c.o)
    0x00004c28   0x00004c28   0x0000002c   Code   RO         1778    locale$$code        c_w.l(lc_ctype_c.o)
    0x00004c54   0x00004c54   0x0000002c   Code   RO         1032    t._ZN12SingletonPtrI13PlatformMutexEptEv  mbed.ar(FileBase.o)
    0x00004c80   0x00004c80   0x00000062   Code   RO         1341    x$fpl$d2f           fz_wm.l(d2f.o)
    0x00004ce2   0x00004ce2   0x00000002   PAD
    0x00004ce4   0x00004ce4   0x00000150   Code   RO         1343    x$fpl$dadd          fz_wm.l(daddsub_clz.o)
    0x00004e34   0x00004e34   0x00000026   Code   RO         1349    x$fpl$dfltu         fz_wm.l(dflt_clz.o)
    0x00004e5a   0x00004e5a   0x00000002   PAD
    0x00004e5c   0x00004e5c   0x00000154   Code   RO         1355    x$fpl$dmul          fz_wm.l(dmul.o)
    0x00004fb0   0x00004fb0   0x0000009c   Code   RO         1554    x$fpl$dnaninf       fz_wm.l(dnaninf.o)
    0x0000504c   0x0000504c   0x0000000c   Code   RO         1556    x$fpl$dretinf       fz_wm.l(dretinf.o)
    0x00005058   0x00005058   0x000001d4   Code   RO         1345    x$fpl$dsub          fz_wm.l(daddsub_clz.o)
    0x0000522c   0x0000522c   0x0000000a   Code   RO         1686    x$fpl$fpinit        fz_wm.l(fpinit.o)
    0x00005236   0x00005236   0x0000000a   Code   RO         1558    x$fpl$fretinf       fz_wm.l(fretinf.o)
    0x00005240   0x00005240   0x00000004   Code   RO         1560    x$fpl$printf1       fz_wm.l(printf1.o)
    0x00005244   0x00005244   0x00000004   Code   RO         1562    x$fpl$printf2       fz_wm.l(printf2.o)
    0x00005248   0x00005248   0x00000000   Code   RO         1568    x$fpl$usenofp       fz_wm.l(usenofp.o)
    0x00005248   0x00005248   0x00000017   Data   RO           94    .constdata          retarget.o
    0x0000525f   0x0000525f   0x00000001   PAD
    0x00005260   0x00005260   0x0000012c   Data   RO          661    .constdata          mbed.ar(serial_api.o)
    0x0000538c   0x0000538c   0x00000128   Data   RO          938    .constdata          mbed.ar(i2c_api.o)
    0x000054b4   0x000054b4   0x00000014   Data   RO         1060    .constdata          mbed.ar(mbed_us_ticker_api.o)
    0x000054c8   0x000054c8   0x00000008   Data   RO         1061    .constdata          mbed.ar(mbed_us_ticker_api.o)
    0x000054d0   0x000054d0   0x00000011   Data   RO         1178    .constdata          c_w.l(__printf_flags_ss_wp.o)
    0x000054e1   0x000054e1   0x00000003   PAD
    0x000054e4   0x000054e4   0x00000008   Data   RO         1405    .constdata          c_w.l(_printf_wctomb.o)
    0x000054ec   0x000054ec   0x00000028   Data   RO         1434    .constdata          c_w.l(_printf_hex_int_ll_ptr.o)
    0x00005514   0x00005514   0x00000026   Data   RO         1604    .constdata          c_w.l(_printf_fp_hex.o)
    0x0000553a   0x0000553a   0x00000002   PAD
    0x0000553c   0x0000553c   0x00000094   Data   RO         1712    .constdata          c_w.l(bigflt0.o)
    0x000055d0   0x000055d0   0x00000018   Data   RO          834    .constdata__ZTVN4mbed3I2CE  mbed.ar(I2C.o)
    0x000055e8   0x000055e8   0x00000014   Data   RO          154    .constdata__ZZN12SingletonPtrI13PlatformMutexE3getEvEs  retarget.o
    0x000055fc   0x000055fc   0x00000045   Data   RO          155    .constdata__ZZN12SingletonPtrI13PlatformMutexE3getEvEs_0  retarget.o
    0x00005641   0x00005641   0x00000003   PAD
    0x00005644   0x00005644   0x0000006d   Data   RO           17    .conststring        mbed_board.o
    0x000056b1   0x000056b1   0x00000003   PAD
    0x000056b4   0x000056b4   0x00000070   Data   RO          662    .conststring        mbed.ar(serial_api.o)
    0x00005724   0x00005724   0x00000045   Data   RO          874    .conststring        mbed.ar(mbed_critical.o)
    0x00005769   0x00005769   0x00000003   PAD
    0x0000576c   0x0000576c   0x0000006d   Data   RO          939    .conststring        mbed.ar(i2c_api.o)
    0x000057d9   0x000057d9   0x00000003   PAD
    0x000057dc   0x000057dc   0x0000005f   Data   RO          966    .conststring        mbed.ar(gpio_api.o)
    0x0000583b   0x0000583b   0x00000001   PAD
    0x0000583c   0x0000583c   0x0000005d   Data   RO          979    .conststring        mbed.ar(pinmap.o)
    0x00005899   0x00005899   0x00000003   PAD
    0x0000589c   0x0000589c   0x00000020   Data   RO         1798    Region$$Table       anon$$obj.o
    0x000058bc   0x000058bc   0x0000001c   Data   RO         1736    locale$$data        c_w.l(lc_numeric_c.o)
    0x000058d8   0x000058d8   0x00000110   Data   RO         1777    locale$$data        c_w.l(lc_ctype_c.o)
    0x000059e8   0x000059e8   0x00000004   Data   RO          230    .init_array         main.o
    0x000059ec   0x000059e8   0x00000000   Data   RO         1227    .init_array         c_w.l(init_aeabi.o)


    Execution Region RW_IRAM1 (Exec base: 0x100000e8, Load base: 0x000059ec, Size: 0x000002c0, Max: 0x0000ff18, ABSOLUTE)

    Exec Addr    Load Addr    Size         Type   Attr      Idx    E Section Name        Object

    0x100000e8   0x000059ec   0x00000008   Data   RW           97    .data               retarget.o
    0x100000f0   0x000059f4   0x00000010   Data   RW          184    .data               system_LPC407x_8x_177x_8x.o
    0x10000100   0x00005a04   0x00000001   Data   RW          229    .data               main.o
    0x10000101   0x00005a05   0x00000003   PAD
    0x10000104   0x00005a08   0x00000010   Data   RW          663    .data               mbed.ar(serial_api.o)
    0x10000114   0x00005a18   0x0000000c   Data   RW          810    .data               mbed.ar(I2C.o)
    0x10000120   0x00005a24   0x00000008   Data   RW          875    .data               mbed.ar(mbed_critical.o)
    0x10000128   0x00005a2c   0x00000004   Data   RW          993    .data               mbed.ar(us_ticker.o)
    0x1000012c   0x00005a30   0x0000000c   Data   RW         1019    .data               mbed.ar(FileBase.o)
    0x10000138   0x00005a3c   0x00000008   Data   RW         1062    .data               mbed.ar(mbed_us_ticker_api.o)
    0x10000140   0x00005a44   0x00000004   Data   RW         1199    .data               c_w.l(stdio_streams.o)
    0x10000144   0x00005a48   0x00000004   Data   RW         1200    .data               c_w.l(stdio_streams.o)
    0x10000148   0x00005a4c   0x00000004   Data   RW         1201    .data               c_w.l(stdio_streams.o)
    0x1000014c   0x00005a50   0x00000004   Data   RW         1651    .data               c_w.l(heapauxa.o)
    0x10000150        -       0x00000040   Zero   RW           93    .bss                retarget.o
    0x10000190        -       0x000000fc   Zero   RW          228    .bss                main.o
    0x1000028c        -       0x00000054   Zero   RW         1196    .bss                c_w.l(stdio_streams.o)
    0x100002e0        -       0x00000054   Zero   RW         1197    .bss                c_w.l(stdio_streams.o)
    0x10000334        -       0x00000054   Zero   RW         1198    .bss                c_w.l(stdio_streams.o)
    0x10000388        -       0x00000004   Zero   RW         1361    .bss                c_w.l(rt_heap_descriptor.o)
    0x1000038c        -       0x00000004   Zero   RW         1366    .bss                c_w.l(rt_ddtor_pointer_addr.o)
    0x10000390        -       0x00000014   Zero   RW         1693    .bss                c_w.l(rt_locale.o)
    0x100003a4        -       0x00000004   Zero   RW         1703    .bss                c_w.l(rt_errno_addr.o)


    Execution Region RW_IRAM2 (Exec base: 0x20000000, Load base: 0x00005a54, Size: 0x00000000, Max: 0x00004000, ABSOLUTE)

    **** No section assigned to this execution region ****


    Execution Region RW_IRAM3 (Exec base: 0x20004000, Load base: 0x00005a54, Size: 0x00000000, Max: 0x00004000, ABSOLUTE)

    **** No section assigned to this execution region ****



  Load Region LR_IROM2 (Base: 0x28000000, Size: 0x00000000, Max: 0x01000000, ABSOLUTE)

    Execution Region ER_IROM2 (Exec base: 0x28000000, Load base: 0x28000000, Size: 0x00000000, Max: 0x01000000, ABSOLUTE)

    **** No section assigned to this execution region ****


==============================================================================

Image component sizes


      Code (inc. data)   RO Data    RW Data    ZI Data      Debug   Object Name

        48          6          0          0          0        132   cmsis_nvic.o
      3226        232          4          1        252      53413   main.o
       452         48        109          0          0        404   mbed_board.o
       798         80        112          8         64       1256   retarget.o
        40         12        228          0          0        276   startup_LPC407x_8x_177x_8x.o
        28          4          0          0          0        128   sys.o
         4          0          0          0          0        116   sys_helper.o
       724         38          0         16          0        268   system_LPC407x_8x_177x_8x.o

    ----------------------------------------------------------------------
      5322        420        492         28        316      55993   Object Totals
         0          0         32          0          0          0   (incl. Generated)
         2          0          7          3          0          0   (incl. Padding)

    ----------------------------------------------------------------------

      Code (inc. data)   RO Data    RW Data    ZI Data      Debug   Library Member Name

        60          8          0          0          0         84   __0sscanf.o
        44          6          0          0          0         84   __2sprintf.o
         8          0          0          0          0         68   __main.o
       392          4         17          0          0         92   __printf_flags_ss_wp.o
        14          0          0          0          0         68   __printf_wp.o
         0          0          0          0          0          0   __rtentry.o
        12          0          0          0          0          0   __rtentry2.o
         6          0          0          0          0          0   __rtentry4.o
        52          8          0          0          0          0   __scatter.o
        26          0          0          0          0          0   __scatter_copy.o
        28          0          0          0          0          0   __scatter_zi.o
        28          0          0          0          0         68   _chval.o
         6          0          0          0          0          0   _printf_a.o
         6          0          0          0          0          0   _printf_c.o
        44          0          0          0          0        108   _printf_char.o
        48          6          0          0          0         96   _printf_char_common.o
        40          0          0          0          0         68   _printf_charcount.o
         6          0          0          0          0          0   _printf_d.o
       120         16          0          0          0         92   _printf_dec.o
         6          0          0          0          0          0   _printf_e.o
         6          0          0          0          0          0   _printf_f.o
      1054          0          0          0          0        216   _printf_fp_dec.o
       764          8         38          0          0        100   _printf_fp_hex.o
       128         16          0          0          0         84   _printf_fp_infnan.o
         6          0          0          0          0          0   _printf_g.o
       148          4         40          0          0        160   _printf_hex_int_ll_ptr.o
         6          0          0          0          0          0   _printf_i.o
       178          0          0          0          0         88   _printf_intcommon.o
        10          0          0          0          0          0   _printf_l.o
         6          0          0          0          0          0   _printf_lc.o
        10          0          0          0          0          0   _printf_ll.o
         6          0          0          0          0          0   _printf_lld.o
         6          0          0          0          0          0   _printf_lli.o
         6          0          0          0          0          0   _printf_llo.o
         6          0          0          0          0          0   _printf_llu.o
         6          0          0          0          0          0   _printf_llx.o
       124         16          0          0          0         92   _printf_longlong_dec.o
         6          0          0          0          0          0   _printf_ls.o
         6          0          0          0          0          0   _printf_n.o
         6          0          0          0          0          0   _printf_o.o
       112         10          0          0          0        124   _printf_oct_int_ll.o
         6          0          0          0          0          0   _printf_p.o
        78          0          0          0          0        108   _printf_pad.o
         0          0          0          0          0          0   _printf_percent.o
         4          0          0          0          0          0   _printf_percent_end.o
         6          0          0          0          0          0   _printf_s.o
        82          0          0          0          0         80   _printf_str.o
        36          0          0          0          0         84   _printf_truncate.o
         6          0          0          0          0          0   _printf_u.o
        44          0          0          0          0        108   _printf_wchar.o
       188          6          8          0          0         92   _printf_wctomb.o
         6          0          0          0          0          0   _printf_x.o
       884          6          0          0          0        100   _scanf.o
       332          0          0          0          0         96   _scanf_int.o
        64          0          0          0          0         84   _sgetc.o
        10          0          0          0          0         68   _sputc.o
        64          0          0          0          0         92   _wcrtomb.o
        46          0          0          0          0         84   aeabi_atexit.o
       228          4        148          0          0         96   bigflt0.o
      1936        128          0          0          0        672   btod.o
        66          0          0          0          0         84   cxa_finalize.o
        10          0          0          0          0         68   defsig_exit.o
        50          0          0          0          0         88   defsig_general.o
        80         58          0          0          0         76   defsig_rtmem_inner.o
        14          0          0          0          0         80   defsig_rtmem_outer.o
        52         38          0          0          0         76   defsig_rtred_inner.o
        14          0          0          0          0         80   defsig_rtred_outer.o
        76          0          0          0          0         88   fclose.o
       100          4          0          0          0        120   fflush.o
       236          4          0          0          0        128   fopen.o
       248          6          0          0          0         84   fseek.o
        66          0          0          0          0         76   ftell.o
        94          0          0          0          0         80   h1_alloc.o
        52          0          0          0          0         68   h1_extend.o
        78          0          0          0          0         80   h1_free.o
        14          0          0          0          0         84   h1_init.o
        80          6          0          4          0         96   heapauxa.o
         4          0          0          0          0        136   hguard.o
         0          0          0          0          0          0   indicate_semi.o
        36         10          0          0          0         80   init_aeabi.o
       138          0          0          0          0        168   init_alloc.o
       312         46          0          0          0        112   initio.o
        18          0          0          0          0         76   isspace.o
        44         10        272          0          0         76   lc_ctype_c.o
        44         10         28          0          0         76   lc_numeric_c.o
         2          0          0          0          0          0   libinit.o
        50          0          0          0          0          0   libinit2.o
         0          0          0          0          0          0   libshutdown2.o
       138          0          0          0          0         80   lludiv10.o
         0          0          0          0          0          0   maybetermalloc1.o
        16          4          0          0          0         76   rt_ctype_table.o
         8          4          0          0          4         68   rt_ddtor_pointer_addr.o
         8          4          0          0          4         68   rt_errno_addr.o
         8          4          0          0          4         68   rt_heap_descriptor.o
         8          4          0          0         20         68   rt_locale.o
        78          0          0          0          0         80   rt_memclr_w.o
       100          0          0          0          0         80   rt_memcpy_w.o
        44          8          0          0          0         84   scanf_char.o
        70          0          0          0          0         80   setvbuf.o
       240          6          0          0          0        156   stdio.o
         0          0          0         12        252          0   stdio_streams.o
       128          0          0          0          0         68   strcmpv7m.o
        62          0          0          0          0         76   strlen.o
       150          0          0          0          0         80   strncmp.o
        12          4          0          0          0         68   sys_exit.o
        14          0          0          0          0         76   sys_wrch.o
         2          0          0          0          0         68   use_no_semi.o
        36          4          0          0          0         76   vsprintf.o
        98          4          0          0          0        140   d2f.o
       804         16          0          0          0        368   daddsub_clz.o
        38          0          0          0          0        116   dflt_clz.o
       340         12          0          0          0        152   dmul.o
       156          4          0          0          0        140   dnaninf.o
        12          0          0          0          0        116   dretinf.o
        10          0          0          0          0        116   fpinit.o
        10          0          0          0          0        116   fretinf.o
         4          0          0          0          0        116   printf1.o
         4          0          0          0          0        116   printf2.o
         0          0          0          0          0          0   usenofp.o
        48          0          0          0          0        124   fpclassify.o
       156         26          0         12          0        368   FileBase.o
       154          0          0          0          0        728   FilePath.o
       278         42         24         12          0        868   I2C.o
       158         28         95          0          0        372   gpio_api.o
       512         60        405          0          0        608   i2c_api.o
        84         52          0          0          0        136   mbed_assert.o
       228         98         69          8          0        252   mbed_critical.o
        18          0          0          0          0        128   mbed_error.o
       224         40          0          0          0        412   mbed_gpio.o
       248         76          0          0          0        384   mbed_pinmap_common.o
        78          0          0          0          0        136   mbed_ticker_api.o
        12          6         28          8          0        116   mbed_us_ticker_api.o
        68          4          0          0          0        256   mbed_wait_api.o
       156         60         93          0          0        256   pinmap.o
       670         48        412         16          0        396   serial_api.o
       244         64          0          4          0        596   us_ticker.o

    ----------------------------------------------------------------------
     15514       1120       1692         76        284      14688   Library Totals
        36          0         15          0          0          0   (incl. Padding)

    ----------------------------------------------------------------------

      Code (inc. data)   RO Data    RW Data    ZI Data      Debug   Library Name

     10666        480        551         16        284       7056   c_w.l
      1476         36          0          0          0       1496   fz_wm.l
        48          0          0          0          0        124   m_wm.l
      3288        604       1126         60          0       6012   mbed.ar

    ----------------------------------------------------------------------
     15514       1120       1692         76        284      14688   Library Totals

    ----------------------------------------------------------------------

==============================================================================


      Code (inc. data)   RO Data    RW Data    ZI Data      Debug   

     20836       1540       2184        104        600      58929   Grand Totals
     20836       1540       2184        104        600      58929   ELF Image Totals
     20836       1540       2184        104          0          0   ROM Totals

==============================================================================

    Total RO  Size (Code + RO Data)                23020 (  22.48kB)
    Total RW  Size (RW Data + ZI Data)               704 (   0.69kB)
    Total ROM Size (Code + RO Data + RW Data)      23124 (  22.58kB)

==============================================================================

