<html>
<body>
<pre>
<h1>µVision Build Log</h1>
<h2>Tool Versions:</h2>
IDE-Version: µVision V5.28.0.0
Copyright (C) 2019 ARM Ltd and ARM Germany GmbH. All rights reserved.
License Information: cse cse cse Flex license: MDK Professional 5.28 (Flex) (mdk_pro) Operation stops: 31 Jul 2020
 
Tool Versions:
Toolchain:       MDK Professional 5.28 (Flex)  Version: 5.28.0.0
Toolchain Path:  C:\Keil_v5\ARM\ARMCC\Bin
C Compiler:      Armcc.exe V5.06 update 6 (build 750)
Assembler:       Armasm.exe V5.06 update 6 (build 750)
Linker/Locator:  ArmLink.exe V5.06 update 6 (build 750)
Library Manager: ArmAr.exe V5.06 update 6 (build 750)
Hex Converter:   FromElf.exe V5.06 update 6 (build 750)
CPU DLL:         SARMCM3.DLL V5.28.0.0
Dialog DLL:      DCM.DLL V1.17.3.0
Target DLL:      CMSIS_AGDI.dll V1.31.18.0
Dialog DLL:      TCM.DLL V1.36.2.0
 
<h2>Project:</h2>
C:\Users\godinezj7633\Desktop\PrjSrc\myProject.uvprojx
Project File Date:  09/23/2019

<h2>Output:</h2>
*** Using Compiler 'V5.06 update 6 (build 750)', folder: 'C:\Keil_v5\ARM\ARMCC\Bin'
Rebuild target 'MyProgramSource'
compiling main.cpp...
main.cpp(103): warning:  #940-D: missing return statement at end of non-void function "lcd_command" 
  }
main.cpp(106): warning:  #940-D: missing return statement at end of non-void function "lcd_data" 
  }
main.cpp(246): warning:  #550-D: variable "ctemp"  was set but never used
  	float ctemp;
main.cpp(270): warning:  #550-D: variable "monthDig1"  was set but never used
  	int minuteDig1, minuteDig2, hrDig1, hrDig2, dateDig1, dateDig2, monthDig1, monthDig2, yrDig1, yrDig2;
main.cpp(270): warning:  #550-D: variable "monthDig2"  was set but never used
  	int minuteDig1, minuteDig2, hrDig1, hrDig2, dateDig1, dateDig2, monthDig1, monthDig2, yrDig1, yrDig2;
main.cpp(270): warning:  #550-D: variable "yrDig1"  was set but never used
  	int minuteDig1, minuteDig2, hrDig1, hrDig2, dateDig1, dateDig2, monthDig1, monthDig2, yrDig1, yrDig2;
main.cpp(270): warning:  #550-D: variable "yrDig2"  was set but never used
  	int minuteDig1, minuteDig2, hrDig1, hrDig2, dateDig1, dateDig2, monthDig1, monthDig2, yrDig1, yrDig2;
main.cpp(364): warning:  #550-D: variable "sec"  was set but never used
  	int sec, min, hour, day, date, month, year;
main.cpp(364): warning:  #550-D: variable "day"  was set but never used
  	int sec, min, hour, day, date, month, year;
main.cpp(796): warning:  #1-D: last line of file ends without a newline
  // -------------------------------------------------------------------------
main.cpp: 10 warnings, 0 errors
linking...
mbed/TARGET_LPC4088/TOOLCHAIN_ARM_STD/LPC407X_8X.sct(28): warning: L6314W: No section matches pattern *.o(SPIFI_MEM).
Program Size: Code=20836 RO-data=2184 RW-data=104 ZI-data=600  
Finished: 0 information, 1 warning and 0 error messages.
".\build\uvision4\mbed_blinky.axf" - 0 Error(s), 11 Warning(s).

<h2>Software Packages used:</h2>

Package Vendor: Keil
                http://www.keil.com/pack/Keil.LPC4000_DFP.2.1.0.pack
                Keil.LPC4000_DFP.2.1.0
                NXP LPC4000 Series Device Support

<h2>Collection of Component include folders:</h2>
  .\RTE\_MyProgramSource
  C:\Arm\Packs\Keil\LPC4000_DFP\2.1.0\Device\Include

<h2>Collection of Component Files used:</h2>
Build Time Elapsed:  00:00:01
</pre>
</body>
</html>
